[0.031s] Invoking command in '/capella/lib/python3.10/site-packages/crowd_statistics_ws/build/crowd_statistics': CMAKE_PREFIX_PATH=${CMAKE_PREFIX_PATH}:/capella/lib/python3.10/site-packages/capella_mmdet3d_node/install/capella_mmdet3d_node:/opt/ros/humble /usr/local/bin/cmake --build /capella/lib/python3.10/site-packages/crowd_statistics_ws/build/crowd_statistics -- -j24 -l24
[0.450s] [ 50%] [32mBuilding CXX object CMakeFiles/crowd_statistics_node.dir/src/crowd_statistics.cpp.o[0m
[28.454s] [100%] [1m[32mLinking CXX executable crowd_statistics_node[0m
[30.716s] [100%] Built target crowd_statistics_node
[30.737s] Invoked command in '/capella/lib/python3.10/site-packages/crowd_statistics_ws/build/crowd_statistics' returned '0': CMAKE_PREFIX_PATH=${CMAKE_PREFIX_PATH}:/capella/lib/python3.10/site-packages/capella_mmdet3d_node/install/capella_mmdet3d_node:/opt/ros/humble /usr/local/bin/cmake --build /capella/lib/python3.10/site-packages/crowd_statistics_ws/build/crowd_statistics -- -j24 -l24
[30.944s] Invoking command in '/capella/lib/python3.10/site-packages/crowd_statistics_ws/build/crowd_statistics': CMAKE_PREFIX_PATH=${CMAKE_PREFIX_PATH}:/capella/lib/python3.10/site-packages/capella_mmdet3d_node/install/capella_mmdet3d_node:/opt/ros/humble /usr/local/bin/cmake --install /capella/lib/python3.10/site-packages/crowd_statistics_ws/build/crowd_statistics
[31.128s] -- Install configuration: ""
[31.128s] -- Installing: /capella/lib/python3.10/site-packages/crowd_statistics_ws/install/crowd_statistics/lib/crowd_statistics/crowd_statistics_node
[31.141s] -- Set non-toolchain portion of runtime path of "/capella/lib/python3.10/site-packages/crowd_statistics_ws/install/crowd_statistics/lib/crowd_statistics/crowd_statistics_node" to ""
[31.141s] -- Up-to-date: /capella/lib/python3.10/site-packages/crowd_statistics_ws/install/crowd_statistics/share/ament_index/resource_index/package_run_dependencies/crowd_statistics
[31.142s] -- Up-to-date: /capella/lib/python3.10/site-packages/crowd_statistics_ws/install/crowd_statistics/share/ament_index/resource_index/parent_prefix_path/crowd_statistics
[31.142s] -- Up-to-date: /capella/lib/python3.10/site-packages/crowd_statistics_ws/install/crowd_statistics/share/crowd_statistics/environment/ament_prefix_path.sh
[31.142s] -- Up-to-date: /capella/lib/python3.10/site-packages/crowd_statistics_ws/install/crowd_statistics/share/crowd_statistics/environment/ament_prefix_path.dsv
[31.142s] -- Up-to-date: /capella/lib/python3.10/site-packages/crowd_statistics_ws/install/crowd_statistics/share/crowd_statistics/environment/path.sh
[31.142s] -- Up-to-date: /capella/lib/python3.10/site-packages/crowd_statistics_ws/install/crowd_statistics/share/crowd_statistics/environment/path.dsv
[31.142s] -- Up-to-date: /capella/lib/python3.10/site-packages/crowd_statistics_ws/install/crowd_statistics/share/crowd_statistics/local_setup.bash
[31.142s] -- Up-to-date: /capella/lib/python3.10/site-packages/crowd_statistics_ws/install/crowd_statistics/share/crowd_statistics/local_setup.sh
[31.143s] -- Up-to-date: /capella/lib/python3.10/site-packages/crowd_statistics_ws/install/crowd_statistics/share/crowd_statistics/local_setup.zsh
[31.143s] -- Up-to-date: /capella/lib/python3.10/site-packages/crowd_statistics_ws/install/crowd_statistics/share/crowd_statistics/local_setup.dsv
[31.143s] -- Installing: /capella/lib/python3.10/site-packages/crowd_statistics_ws/install/crowd_statistics/share/crowd_statistics/package.dsv
[31.143s] -- Up-to-date: /capella/lib/python3.10/site-packages/crowd_statistics_ws/install/crowd_statistics/share/ament_index/resource_index/packages/crowd_statistics
[31.143s] -- Up-to-date: /capella/lib/python3.10/site-packages/crowd_statistics_ws/install/crowd_statistics/share/crowd_statistics/cmake/crowd_statisticsConfig.cmake
[31.143s] -- Up-to-date: /capella/lib/python3.10/site-packages/crowd_statistics_ws/install/crowd_statistics/share/crowd_statistics/cmake/crowd_statisticsConfig-version.cmake
[31.144s] -- Up-to-date: /capella/lib/python3.10/site-packages/crowd_statistics_ws/install/crowd_statistics/share/crowd_statistics/package.xml
[31.145s] Invoked command in '/capella/lib/python3.10/site-packages/crowd_statistics_ws/build/crowd_statistics' returned '0': CMAKE_PREFIX_PATH=${CMAKE_PREFIX_PATH}:/capella/lib/python3.10/site-packages/capella_mmdet3d_node/install/capella_mmdet3d_node:/opt/ros/humble /usr/local/bin/cmake --install /capella/lib/python3.10/site-packages/crowd_statistics_ws/build/crowd_statistics
