1774855671.995282 [0] crowd_stat: config: Domain/General/MulticastRecvNetworkInterfaceAddresses/#text: preferred {}
1774855671.995314 [0] crowd_stat: config: Domain/General/Interfaces/NetworkInterface[@autodetermine]: false {}
1774855671.995323 [0] crowd_stat: config: Domain/General/Interfaces/NetworkInterface[@name]: docker0 {1}
1774855671.995330 [0] crowd_stat: config: Domain/General/Interfaces/NetworkInterface[@address]:  {}
1774855671.995337 [0] crowd_stat: config: Domain/General/Interfaces/NetworkInterface[@priority]: default {1}
1774855671.995344 [0] crowd_stat: config: Domain/General/Interfaces/NetworkInterface[@prefer_multicast]: false {}
1774855671.995350 [0] crowd_stat: config: Domain/General/Interfaces/NetworkInterface[@presence_required]: true {}
1774855671.995357 [0] crowd_stat: config: Domain/General/Interfaces/NetworkInterface[@multicast]: default {1}
1774855671.995364 [0] crowd_stat: config: Domain/General/ExternalNetworkAddress/#text: auto {}
1774855671.995370 [0] crowd_stat: config: Domain/General/ExternalNetworkMask/#text: 0.0.0.0 {}
1774855671.995376 [0] crowd_stat: config: Domain/General/AllowMulticast/#text: default {1}
1774855671.995383 [0] crowd_stat: config: Domain/General/MulticastTimeToLive/#text: 32 {}
1774855671.995389 [0] crowd_stat: config: Domain/General/DontRoute/#text: false {}
1774855671.995396 [0] crowd_stat: config: Domain/General/Transport/#text: udp {}
1774855671.995403 [0] crowd_stat: config: Domain/General/EnableMulticastLoopback/#text: true {}
1774855671.995410 [0] crowd_stat: config: Domain/General/MaxMessageSize/#text: 65500 B {1}
1774855671.995417 [0] crowd_stat: config: Domain/General/MaxRexmitMessageSize/#text: 1456 B {}
1774855671.995423 [0] crowd_stat: config: Domain/General/FragmentSize/#text: 1344 B {}
1774855671.995429 [0] crowd_stat: config: Domain/General/RedundantNetworking/#text: false {}
1774855671.995436 [0] crowd_stat: config: Domain/General/EntityAutoNaming/#text: empty {}
1774855671.995444 [0] crowd_stat: config: Domain/General/EntityAutoNaming[@seed]: 1222181874 2950920458 1352124050 982550097 1419861480 3821342570 2522249830 826370902 {}
1774855671.995454 [0] crowd_stat: config: Domain/Sizing/ReceiveBufferSize/#text: 1 MiB {}
1774855671.995461 [0] crowd_stat: config: Domain/Sizing/ReceiveBufferChunkSize/#text: 128 KiB {}
1774855671.995468 [0] crowd_stat: config: Domain/Compatibility/StandardsConformance/#text: lax {}
1774855671.995474 [0] crowd_stat: config: Domain/Compatibility/ExplicitlyPublishQosSetToDefault/#text: false {}
1774855671.995481 [0] crowd_stat: config: Domain/Compatibility/ManySocketsMode/#text: single {}
1774855671.995487 [0] crowd_stat: config: Domain/Compatibility/AssumeRtiHasPmdEndpoints/#text: false {}
1774855671.995494 [0] crowd_stat: config: Domain/Discovery/Tag/#text:  {}
1774855671.995500 [0] crowd_stat: config: Domain/Discovery/ExternalDomainId/#text: 0 {}
1774855671.995507 [0] crowd_stat: config: Domain/Discovery/DSGracePeriod/#text: 30 s {}
1774855671.995514 [0] crowd_stat: config: Domain/Discovery/ParticipantIndex/#text: none {}
1774855671.995520 [0] crowd_stat: config: Domain/Discovery/MaxAutoParticipantIndex/#text: 9 {}
1774855671.995527 [0] crowd_stat: config: Domain/Discovery/SPDPMulticastAddress/#text: 239.255.0.1 {}
1774855671.995533 [0] crowd_stat: config: Domain/Discovery/SPDPInterval/#text: 30 s {}
1774855671.995540 [0] crowd_stat: config: Domain/Discovery/DefaultMulticastAddress/#text: auto {}
1774855671.995548 [0] crowd_stat: config: Domain/Discovery/Ports/Base/#text: 7400 {}
1774855671.995555 [0] crowd_stat: config: Domain/Discovery/Ports/DomainGain/#text: 250 {}
1774855671.995562 [0] crowd_stat: config: Domain/Discovery/Ports/ParticipantGain/#text: 2 {}
1774855671.995569 [0] crowd_stat: config: Domain/Discovery/Ports/MulticastMetaOffset/#text: 0 {}
1774855671.995575 [0] crowd_stat: config: Domain/Discovery/Ports/UnicastMetaOffset/#text: 10 {}
1774855671.995582 [0] crowd_stat: config: Domain/Discovery/Ports/MulticastDataOffset/#text: 1 {}
1774855671.995589 [0] crowd_stat: config: Domain/Discovery/Ports/UnicastDataOffset/#text: 11 {}
1774855671.995603 [0] crowd_stat: config: Domain/Discovery/EnableTopicDiscoveryEndpoints/#text: false {}
1774855671.995610 [0] crowd_stat: config: Domain/Discovery/LeaseDuration/#text: 10 s {}
1774855671.995631 [0] crowd_stat: config: Domain/Tracing/Category/#text: fatal,error,warning,info,config {1}
1774855671.995639 [0] crowd_stat: config: Domain/Tracing/OutputFile/#text: cyclonedds.log {}
1774855671.995645 [0] crowd_stat: config: Domain/Tracing/AppendToFile/#text: false {}
1774855671.995653 [0] crowd_stat: config: Domain/Tracing/PacketCaptureFile/#text:  {}
1774855671.995660 [0] crowd_stat: config: Domain/Internal/DeliveryQueueMaxSamples/#text: 256 {}
1774855671.995667 [0] crowd_stat: config: Domain/Internal/PrimaryReorderMaxSamples/#text: 128 {}
1774855671.995672 [0] crowd_stat: config: Domain/Internal/SecondaryReorderMaxSamples/#text: 128 {}
1774855671.995678 [0] crowd_stat: config: Domain/Internal/DefragUnreliableMaxSamples/#text: 4 {}
1774855671.995683 [0] crowd_stat: config: Domain/Internal/DefragReliableMaxSamples/#text: 16 {}
1774855671.995690 [0] crowd_stat: config: Domain/Internal/BuiltinEndpointSet/#text: writers {}
1774855671.995696 [0] crowd_stat: config: Domain/Internal/MeasureHbToAckLatency/#text: false {}
1774855671.995701 [0] crowd_stat: config: Domain/Internal/UnicastResponseToSPDPMessages/#text: true {}
1774855671.995706 [0] crowd_stat: config: Domain/Internal/SynchronousDeliveryPriorityThreshold/#text: 0 {}
1774855671.995711 [0] crowd_stat: config: Domain/Internal/SynchronousDeliveryLatencyBound/#text: inf {}
1774855671.995717 [0] crowd_stat: config: Domain/Internal/MaxParticipants/#text: 0 {}
1774855671.995722 [0] crowd_stat: config: Domain/Internal/AccelerateRexmitBlockSize/#text: 0 {}
1774855671.995728 [0] crowd_stat: config: Domain/Internal/RetransmitMerging/#text: never {}
1774855671.995734 [0] crowd_stat: config: Domain/Internal/RetransmitMergingPeriod/#text: 5 ms {}
1774855671.995740 [0] crowd_stat: config: Domain/Internal/HeartbeatInterval/#text: 100 ms {}
1774855671.995746 [0] crowd_stat: config: Domain/Internal/HeartbeatInterval[@min]: 5 ms {}
1774855671.995752 [0] crowd_stat: config: Domain/Internal/HeartbeatInterval[@minsched]: 20 ms {}
1774855671.995758 [0] crowd_stat: config: Domain/Internal/HeartbeatInterval[@max]: 8 s {}
1774855671.995765 [0] crowd_stat: config: Domain/Internal/MaxQueuedRexmitBytes/#text: 512 KiB {}
1774855671.995771 [0] crowd_stat: config: Domain/Internal/MaxQueuedRexmitMessages/#text: 200 {}
1774855671.995777 [0] crowd_stat: config: Domain/Internal/WriterLingerDuration/#text: 1 s {}
1774855671.995783 [0] crowd_stat: config: Domain/Internal/SocketReceiveBufferSize[@min]: 16 MiB {1}
1774855671.995788 [0] crowd_stat: config: Domain/Internal/SocketReceiveBufferSize[@max]: default {}
1774855671.995794 [0] crowd_stat: config: Domain/Internal/SocketSendBufferSize[@min]: 64 KiB {}
1774855671.995800 [0] crowd_stat: config: Domain/Internal/SocketSendBufferSize[@max]: default {}
1774855671.995805 [0] crowd_stat: config: Domain/Internal/NackDelay/#text: 100 ms {}
1774855671.995810 [0] crowd_stat: config: Domain/Internal/AckDelay/#text: 10 ms {}
1774855671.995814 [0] crowd_stat: config: Domain/Internal/AutoReschedNackDelay/#text: 3 s {}
1774855671.995819 [0] crowd_stat: config: Domain/Internal/PreEmptiveAckDelay/#text: 10 ms {}
1774855671.995824 [0] crowd_stat: config: Domain/Internal/ScheduleTimeRounding/#text: 0 s {}
1774855671.995830 [0] crowd_stat: config: Domain/Internal/DDSI2DirectMaxThreads/#text: 1 {}
1774855671.995835 [0] crowd_stat: config: Domain/Internal/SquashParticipants/#text: false {}
1774855671.995841 [0] crowd_stat: config: Domain/Internal/SPDPResponseMaxDelay/#text: 0 s {}
1774855671.995846 [0] crowd_stat: config: Domain/Internal/LateAckMode/#text: false {}
1774855671.995852 [0] crowd_stat: config: Domain/Internal/RetryOnRejectBestEffort/#text: false {}
1774855671.995857 [0] crowd_stat: config: Domain/Internal/GenerateKeyhash/#text: false {}
1774855671.995863 [0] crowd_stat: config: Domain/Internal/MaxSampleSize/#text: 2147483647 B {}
1774855671.995870 [0] crowd_stat: config: Domain/Internal/LivelinessMonitoring/#text: false {}
1774855671.995880 [0] crowd_stat: config: Domain/Internal/LivelinessMonitoring[@StackTraces]: true {}
1774855671.995885 [0] crowd_stat: config: Domain/Internal/LivelinessMonitoring[@Interval]: 1 s {}
1774855671.995890 [0] crowd_stat: config: Domain/Internal/MonitorPort/#text: -1 {}
1774855671.995895 [0] crowd_stat: config: Domain/Internal/PrioritizeRetransmit/#text: true {}
1774855671.995900 [0] crowd_stat: config: Domain/Internal/UseMulticastIfMreqn/#text: 0 {}
1774855671.995905 [0] crowd_stat: config: Domain/Internal/RediscoveryBlacklistDuration/#text: 0 s {}
1774855671.995910 [0] crowd_stat: config: Domain/Internal/RediscoveryBlacklistDuration[@enforce]: false {}
1774855671.995916 [0] crowd_stat: config: Domain/Internal/MultipleReceiveThreads/#text: default {}
1774855671.995921 [0] crowd_stat: config: Domain/Internal/MultipleReceiveThreads[@maxretries]: 4294967295 {}
1774855671.995928 [0] crowd_stat: config: Domain/Internal/Test/XmitLossiness/#text: 0 {}
1774855671.995933 [0] crowd_stat: config: Domain/Internal/Watermarks/WhcLow/#text: 1 KiB {}
1774855671.995940 [0] crowd_stat: config: Domain/Internal/Watermarks/WhcHigh/#text: 500 KiB {1}
1774855671.995946 [0] crowd_stat: config: Domain/Internal/Watermarks/WhcHighInit/#text: 30 KiB {}
1774855671.995950 [0] crowd_stat: config: Domain/Internal/Watermarks/WhcAdaptive/#text: true {}
1774855671.996011 [0] crowd_stat: config: Domain/Internal/BurstSize/MaxRexmit/#text: 1 MiB {}
1774855671.996021 [0] crowd_stat: config: Domain/Internal/BurstSize/MaxInitTransmit/#text: 4294967295 {}
1774855671.996028 [0] crowd_stat: config: Domain/Internal/EnableExpensiveChecks/#text:  {}
1774855671.996035 [0] crowd_stat: config: Domain/TCP/NoDelay/#text: true {}
1774855671.996042 [0] crowd_stat: config: Domain/TCP/Port/#text: -1 {}
1774855671.996049 [0] crowd_stat: config: Domain/TCP/ReadTimeout/#text: 2 s {}
1774855671.996055 [0] crowd_stat: config: Domain/TCP/WriteTimeout/#text: 2 s {}
1774855671.996061 [0] crowd_stat: config: Domain/TCP/AlwaysUsePeeraddrForUnicast/#text: false {}
1774855671.996067 [0] crowd_stat: config: Domain/SSL/Enable/#text: false {}
1774855671.996073 [0] crowd_stat: config: Domain/SSL/CertificateVerification/#text: true {}
1774855671.996079 [0] crowd_stat: config: Domain/SSL/VerifyClient/#text: true {}
1774855671.996085 [0] crowd_stat: config: Domain/SSL/SelfSignedCertificates/#text: false {}
1774855671.996091 [0] crowd_stat: config: Domain/SSL/KeystoreFile/#text: keystore {}
1774855671.996097 [0] crowd_stat: config: Domain/SSL/KeyPassphrase/#text: secret {}
1774855671.996104 [0] crowd_stat: config: Domain/SSL/Ciphers/#text: ALL:!ADH:!LOW:!EXP:!MD5:@STRENGTH {}
1774855671.996110 [0] crowd_stat: config: Domain/SSL/EntropyFile/#text:  {}
1774855671.996115 [0] crowd_stat: config: Domain/SSL/MinimumTLSVersion/#text: 1.3 {}
1774855671.996122 [0] crowd_stat: config: Domain/SharedMemory/Enable/#text: false {}
1774855671.996128 [0] crowd_stat: config: Domain/SharedMemory/Locator/#text:  {}
1774855671.996133 [0] crowd_stat: config: Domain/SharedMemory/Prefix/#text: DDS_CYCLONE {}
1774855671.996139 [0] crowd_stat: config: Domain/SharedMemory/LogLevel/#text: info {}
1774855671.996146 [0] crowd_stat: config: Domain[@Id]: 0 {1}
1774855671.996250 [0] crowd_stat: started at 1774855671.06996164 -- 2026-03-30 07:27:51+00:00
1774855671.996260 [0] crowd_stat: udp initialized
1774855671.998412 [0] crowd_stat: interfaces: lo udp/127.0.0.1(q1) enp2s0 udp/192.168.2.88(q9) wlp3s0 wireless udp/192.168.10.129(q9) docker0 udp/172.17.0.1(q9) br-ec5328a16611 udp/172.18.0.1(q9)
1774855671.998598 [0] crowd_stat: selected interfaces: docker0 (index 4 priority 0)
1774855671.998605 [0] crowd_stat: presumed robust multicast support, use for everything
1774855671.998662 [0] crowd_stat: ownip: udp/172.17.0.1
1774855671.998668 [0] crowd_stat: extmask: invalid/0 (not applicable)
1774855671.998673 [0] crowd_stat: SPDP MC: udp/239.255.0.1
1774855671.998678 [0] crowd_stat: default MC: udp/239.255.0.1
1774855671.998681 [0] crowd_stat: SSM support included
1774855671.998989 [0] crowd_stat: socket receive buffer size set to 33554432 bytes
1774855671.999017 [0] crowd_stat: rtps_init: uc ports: disc 0 data 0
1774855671.999022 [0] crowd_stat: rtps_init: domainid 0 participantid -2
1774855671.999027 [0] crowd_stat: Unicast Ports: discovery 47450 data 47450
1774855671.999041 [0] crowd_stat: socket receive buffer size set to 33554432 bytes
1774855671.999061 [0] crowd_stat: socket receive buffer size set to 33554432 bytes
1774855671.999071 [0] crowd_stat: Multicast Ports: discovery 7400 data 7401 
1774855671.999080 [0] crowd_stat: socket receive buffer size set to 33554432 bytes
1774855671.999093 [0] crowd_stat: interface docker0: transmit port 58758
1774855801.164333 [0] crowd_stat: udp finalized
1774855801.177902 [0] crowd_stat: Finis.
