[0.234s] DEBUG:colcon:Command line arguments: ['/usr/bin/colcon', 'build', '--packages-select', 'crowd_statistics']
[0.234s] DEBUG:colcon:Parsed command line arguments: Namespace(log_base=None, log_level=None, verb_name='build', build_base='build', install_base='install', merge_install=False, symlink_install=False, test_result_base=None, continue_on_error=False, executor='parallel', parallel_workers=24, event_handlers=None, ignore_user_meta=False, metas=['./colcon.meta'], base_paths=['.'], packages_ignore=None, packages_ignore_regex=None, paths=None, packages_up_to=None, packages_up_to_regex=None, packages_above=None, packages_above_and_dependencies=None, packages_above_depth=None, packages_select_by_dep=None, packages_skip_by_dep=None, packages_skip_up_to=None, packages_select_build_failed=False, packages_skip_build_finished=False, packages_select_test_failures=False, packages_skip_test_passed=False, packages_select=['crowd_statistics'], packages_skip=None, packages_select_regex=None, packages_skip_regex=None, packages_start=None, packages_end=None, cmake_args=None, cmake_target=None, cmake_target_skip_unavailable=False, cmake_clean_cache=False, cmake_clean_first=False, cmake_force_configure=False, ament_cmake_args=None, catkin_cmake_args=None, catkin_skip_building_tests=False, mixin_files=None, mixin=None, verb_parser=<colcon_mixin.mixin.mixin_argument.MixinArgumentDecorator object at 0x79ceaf8aaad0>, verb_extension=<colcon_core.verb.build.BuildVerb object at 0x79ceaf870880>, main=<bound method BuildVerb.main of <colcon_core.verb.build.BuildVerb object at 0x79ceaf870880>>, mixin_verb=('build',))
[0.324s] Level 1:colcon.colcon_core.package_discovery:discover_packages(colcon_meta) check parameters
[0.324s] Level 1:colcon.colcon_core.package_discovery:discover_packages(recursive) check parameters
[0.324s] Level 1:colcon.colcon_core.package_discovery:discover_packages(ignore) check parameters
[0.324s] Level 1:colcon.colcon_core.package_discovery:discover_packages(path) check parameters
[0.324s] Level 1:colcon.colcon_core.package_discovery:discover_packages(colcon_meta) discover
[0.324s] Level 1:colcon.colcon_core.package_discovery:discover_packages(recursive) discover
[0.325s] INFO:colcon.colcon_core.package_discovery:Crawling recursively for packages in '/capella/lib/python3.10/site-packages/crowd_statistics_ws'
[0.325s] Level 1:colcon.colcon_core.package_identification:_identify(.) by extensions ['ignore', 'ignore_ament_install']
[0.325s] Level 1:colcon.colcon_core.package_identification:_identify(.) by extension 'ignore'
[0.325s] Level 1:colcon.colcon_core.package_identification:_identify(.) by extension 'ignore_ament_install'
[0.325s] Level 1:colcon.colcon_core.package_identification:_identify(.) by extensions ['colcon_pkg']
[0.325s] Level 1:colcon.colcon_core.package_identification:_identify(.) by extension 'colcon_pkg'
[0.325s] Level 1:colcon.colcon_core.package_identification:_identify(.) by extensions ['colcon_meta']
[0.325s] Level 1:colcon.colcon_core.package_identification:_identify(.) by extension 'colcon_meta'
[0.325s] Level 1:colcon.colcon_core.package_identification:_identify(.) by extensions ['ros']
[0.325s] Level 1:colcon.colcon_core.package_identification:_identify(.) by extension 'ros'
[0.403s] Level 1:colcon.colcon_core.package_identification:_identify(.) by extensions ['cmake', 'python']
[0.403s] Level 1:colcon.colcon_core.package_identification:_identify(.) by extension 'cmake'
[0.404s] Level 1:colcon.colcon_core.package_identification:_identify(.) by extension 'python'
[0.404s] Level 1:colcon.colcon_core.package_identification:_identify(.) by extensions ['python_setup_py']
[0.404s] Level 1:colcon.colcon_core.package_identification:_identify(.) by extension 'python_setup_py'
[0.404s] Level 1:colcon.colcon_core.package_identification:_identify(build) by extensions ['ignore', 'ignore_ament_install']
[0.404s] Level 1:colcon.colcon_core.package_identification:_identify(build) by extension 'ignore'
[0.404s] Level 1:colcon.colcon_core.package_identification:_identify(build) ignored
[0.405s] Level 1:colcon.colcon_core.package_identification:_identify(install) by extensions ['ignore', 'ignore_ament_install']
[0.405s] Level 1:colcon.colcon_core.package_identification:_identify(install) by extension 'ignore'
[0.405s] Level 1:colcon.colcon_core.package_identification:_identify(install) ignored
[0.405s] Level 1:colcon.colcon_core.package_identification:_identify(log) by extensions ['ignore', 'ignore_ament_install']
[0.405s] Level 1:colcon.colcon_core.package_identification:_identify(log) by extension 'ignore'
[0.405s] Level 1:colcon.colcon_core.package_identification:_identify(log) ignored
[0.406s] Level 1:colcon.colcon_core.package_identification:_identify(src) by extensions ['ignore', 'ignore_ament_install']
[0.406s] Level 1:colcon.colcon_core.package_identification:_identify(src) by extension 'ignore'
[0.406s] Level 1:colcon.colcon_core.package_identification:_identify(src) by extension 'ignore_ament_install'
[0.406s] Level 1:colcon.colcon_core.package_identification:_identify(src) by extensions ['colcon_pkg']
[0.406s] Level 1:colcon.colcon_core.package_identification:_identify(src) by extension 'colcon_pkg'
[0.406s] Level 1:colcon.colcon_core.package_identification:_identify(src) by extensions ['colcon_meta']
[0.406s] Level 1:colcon.colcon_core.package_identification:_identify(src) by extension 'colcon_meta'
[0.406s] Level 1:colcon.colcon_core.package_identification:_identify(src) by extensions ['ros']
[0.406s] Level 1:colcon.colcon_core.package_identification:_identify(src) by extension 'ros'
[0.406s] Level 1:colcon.colcon_core.package_identification:_identify(src) by extensions ['cmake', 'python']
[0.406s] Level 1:colcon.colcon_core.package_identification:_identify(src) by extension 'cmake'
[0.406s] Level 1:colcon.colcon_core.package_identification:_identify(src) by extension 'python'
[0.406s] Level 1:colcon.colcon_core.package_identification:_identify(src) by extensions ['python_setup_py']
[0.406s] Level 1:colcon.colcon_core.package_identification:_identify(src) by extension 'python_setup_py'
[0.406s] Level 1:colcon.colcon_core.package_identification:_identify(src/crowd_statistics) by extensions ['ignore', 'ignore_ament_install']
[0.406s] Level 1:colcon.colcon_core.package_identification:_identify(src/crowd_statistics) by extension 'ignore'
[0.407s] Level 1:colcon.colcon_core.package_identification:_identify(src/crowd_statistics) by extension 'ignore_ament_install'
[0.407s] Level 1:colcon.colcon_core.package_identification:_identify(src/crowd_statistics) by extensions ['colcon_pkg']
[0.407s] Level 1:colcon.colcon_core.package_identification:_identify(src/crowd_statistics) by extension 'colcon_pkg'
[0.407s] Level 1:colcon.colcon_core.package_identification:_identify(src/crowd_statistics) by extensions ['colcon_meta']
[0.407s] Level 1:colcon.colcon_core.package_identification:_identify(src/crowd_statistics) by extension 'colcon_meta'
[0.407s] Level 1:colcon.colcon_core.package_identification:_identify(src/crowd_statistics) by extensions ['ros']
[0.407s] Level 1:colcon.colcon_core.package_identification:_identify(src/crowd_statistics) by extension 'ros'
[0.411s] DEBUG:colcon.colcon_core.package_identification:Package 'src/crowd_statistics' with type 'ros.ament_cmake' and name 'crowd_statistics'
[0.411s] Level 1:colcon.colcon_core.package_discovery:discover_packages(recursive) using defaults
[0.411s] Level 1:colcon.colcon_core.package_discovery:discover_packages(ignore) discover
[0.411s] Level 1:colcon.colcon_core.package_discovery:discover_packages(ignore) using defaults
[0.411s] Level 1:colcon.colcon_core.package_discovery:discover_packages(path) discover
[0.411s] Level 1:colcon.colcon_core.package_discovery:discover_packages(path) using defaults
[0.451s] Level 5:colcon.colcon_core.verb:set package 'crowd_statistics' build argument 'cmake_args' from command line to 'None'
[0.451s] Level 5:colcon.colcon_core.verb:set package 'crowd_statistics' build argument 'cmake_target' from command line to 'None'
[0.451s] Level 5:colcon.colcon_core.verb:set package 'crowd_statistics' build argument 'cmake_target_skip_unavailable' from command line to 'False'
[0.451s] Level 5:colcon.colcon_core.verb:set package 'crowd_statistics' build argument 'cmake_clean_cache' from command line to 'False'
[0.451s] Level 5:colcon.colcon_core.verb:set package 'crowd_statistics' build argument 'cmake_clean_first' from command line to 'False'
[0.451s] Level 5:colcon.colcon_core.verb:set package 'crowd_statistics' build argument 'cmake_force_configure' from command line to 'False'
[0.451s] Level 5:colcon.colcon_core.verb:set package 'crowd_statistics' build argument 'ament_cmake_args' from command line to 'None'
[0.451s] Level 5:colcon.colcon_core.verb:set package 'crowd_statistics' build argument 'catkin_cmake_args' from command line to 'None'
[0.451s] Level 5:colcon.colcon_core.verb:set package 'crowd_statistics' build argument 'catkin_skip_building_tests' from command line to 'False'
[0.452s] DEBUG:colcon.colcon_core.verb:Building package 'crowd_statistics' with the following arguments: {'ament_cmake_args': None, 'build_base': '/capella/lib/python3.10/site-packages/crowd_statistics_ws/build/crowd_statistics', 'catkin_cmake_args': None, 'catkin_skip_building_tests': False, 'cmake_args': None, 'cmake_clean_cache': False, 'cmake_clean_first': False, 'cmake_force_configure': False, 'cmake_target': None, 'cmake_target_skip_unavailable': False, 'install_base': '/capella/lib/python3.10/site-packages/crowd_statistics_ws/install/crowd_statistics', 'merge_install': False, 'path': '/capella/lib/python3.10/site-packages/crowd_statistics_ws/src/crowd_statistics', 'symlink_install': False, 'test_result_base': None}
[0.452s] INFO:colcon.colcon_core.executor:Executing jobs using 'parallel' executor
[0.455s] DEBUG:colcon.colcon_parallel_executor.executor.parallel:run_until_complete
[0.455s] INFO:colcon.colcon_ros.task.ament_cmake.build:Building ROS package in '/capella/lib/python3.10/site-packages/crowd_statistics_ws/src/crowd_statistics' with build type 'ament_cmake'
[0.455s] INFO:colcon.colcon_cmake.task.cmake.build:Building CMake package in '/capella/lib/python3.10/site-packages/crowd_statistics_ws/src/crowd_statistics'
[0.460s] INFO:colcon.colcon_core.plugin_system:Skipping extension 'colcon_core.shell.bat': Not used on non-Windows systems
[0.460s] INFO:colcon.colcon_core.shell:Skip shell extension 'powershell' for command environment: Not usable outside of PowerShell
[0.460s] DEBUG:colcon.colcon_core.shell:Skip shell extension 'dsv' for command environment
[0.490s] DEBUG:colcon.colcon_core.event_handler.log_command:Invoking command in '/capella/lib/python3.10/site-packages/crowd_statistics_ws/build/crowd_statistics': CMAKE_PREFIX_PATH=${CMAKE_PREFIX_PATH}:/capella/lib/python3.10/site-packages/capella_mmdet3d_node/install/capella_mmdet3d_node:/opt/ros/humble /usr/local/bin/cmake --build /capella/lib/python3.10/site-packages/crowd_statistics_ws/build/crowd_statistics -- -j24 -l24
[32.769s] DEBUG:colcon.colcon_core.event_handler.log_command:Invoked command in '/capella/lib/python3.10/site-packages/crowd_statistics_ws/build/crowd_statistics' returned '0': CMAKE_PREFIX_PATH=${CMAKE_PREFIX_PATH}:/capella/lib/python3.10/site-packages/capella_mmdet3d_node/install/capella_mmdet3d_node:/opt/ros/humble /usr/local/bin/cmake --build /capella/lib/python3.10/site-packages/crowd_statistics_ws/build/crowd_statistics -- -j24 -l24
[33.015s] DEBUG:colcon.colcon_core.event_handler.log_command:Invoking command in '/capella/lib/python3.10/site-packages/crowd_statistics_ws/build/crowd_statistics': CMAKE_PREFIX_PATH=${CMAKE_PREFIX_PATH}:/capella/lib/python3.10/site-packages/capella_mmdet3d_node/install/capella_mmdet3d_node:/opt/ros/humble /usr/local/bin/cmake --install /capella/lib/python3.10/site-packages/crowd_statistics_ws/build/crowd_statistics
[33.208s] Level 1:colcon.colcon_core.environment:create_environment_scripts_only(crowd_statistics)
[33.216s] DEBUG:colcon.colcon_core.event_handler.log_command:Invoked command in '/capella/lib/python3.10/site-packages/crowd_statistics_ws/build/crowd_statistics' returned '0': CMAKE_PREFIX_PATH=${CMAKE_PREFIX_PATH}:/capella/lib/python3.10/site-packages/capella_mmdet3d_node/install/capella_mmdet3d_node:/opt/ros/humble /usr/local/bin/cmake --install /capella/lib/python3.10/site-packages/crowd_statistics_ws/build/crowd_statistics
[33.217s] Level 1:colcon.colcon_core.environment:checking '/capella/lib/python3.10/site-packages/crowd_statistics_ws/install/crowd_statistics' for CMake module files
[33.218s] Level 1:colcon.colcon_core.environment:checking '/capella/lib/python3.10/site-packages/crowd_statistics_ws/install/crowd_statistics' for CMake config files
[33.219s] Level 1:colcon.colcon_core.shell:create_environment_hook('crowd_statistics', 'cmake_prefix_path')
[33.220s] INFO:colcon.colcon_core.shell:Creating environment hook '/capella/lib/python3.10/site-packages/crowd_statistics_ws/install/crowd_statistics/share/crowd_statistics/hook/cmake_prefix_path.ps1'
[33.221s] INFO:colcon.colcon_core.shell:Creating environment descriptor '/capella/lib/python3.10/site-packages/crowd_statistics_ws/install/crowd_statistics/share/crowd_statistics/hook/cmake_prefix_path.dsv'
[33.223s] INFO:colcon.colcon_core.shell:Creating environment hook '/capella/lib/python3.10/site-packages/crowd_statistics_ws/install/crowd_statistics/share/crowd_statistics/hook/cmake_prefix_path.sh'
[33.225s] Level 1:colcon.colcon_core.environment:checking '/capella/lib/python3.10/site-packages/crowd_statistics_ws/install/crowd_statistics/lib'
[33.226s] Level 1:colcon.colcon_core.environment:checking '/capella/lib/python3.10/site-packages/crowd_statistics_ws/install/crowd_statistics/bin'
[33.226s] Level 1:colcon.colcon_core.environment:checking '/capella/lib/python3.10/site-packages/crowd_statistics_ws/install/crowd_statistics/lib/pkgconfig/crowd_statistics.pc'
[33.228s] Level 1:colcon.colcon_core.environment:checking '/capella/lib/python3.10/site-packages/crowd_statistics_ws/install/crowd_statistics/lib/python3.10/site-packages'
[33.229s] Level 1:colcon.colcon_core.environment:checking '/capella/lib/python3.10/site-packages/crowd_statistics_ws/install/crowd_statistics/bin'
[33.230s] INFO:colcon.colcon_core.shell:Creating package script '/capella/lib/python3.10/site-packages/crowd_statistics_ws/install/crowd_statistics/share/crowd_statistics/package.ps1'
[33.232s] INFO:colcon.colcon_core.shell:Creating package descriptor '/capella/lib/python3.10/site-packages/crowd_statistics_ws/install/crowd_statistics/share/crowd_statistics/package.dsv'
[33.233s] INFO:colcon.colcon_core.shell:Creating package script '/capella/lib/python3.10/site-packages/crowd_statistics_ws/install/crowd_statistics/share/crowd_statistics/package.sh'
[33.235s] INFO:colcon.colcon_core.shell:Creating package script '/capella/lib/python3.10/site-packages/crowd_statistics_ws/install/crowd_statistics/share/crowd_statistics/package.bash'
[33.236s] INFO:colcon.colcon_core.shell:Creating package script '/capella/lib/python3.10/site-packages/crowd_statistics_ws/install/crowd_statistics/share/crowd_statistics/package.zsh'
[33.237s] Level 1:colcon.colcon_core.environment:create_file_with_runtime_dependencies(/capella/lib/python3.10/site-packages/crowd_statistics_ws/install/crowd_statistics/share/colcon-core/packages/crowd_statistics)
[33.241s] Level 1:colcon.colcon_core.environment:create_environment_scripts_only(crowd_statistics)
[33.242s] Level 1:colcon.colcon_core.environment:checking '/capella/lib/python3.10/site-packages/crowd_statistics_ws/install/crowd_statistics' for CMake module files
[33.245s] Level 1:colcon.colcon_core.environment:checking '/capella/lib/python3.10/site-packages/crowd_statistics_ws/install/crowd_statistics' for CMake config files
[33.246s] Level 1:colcon.colcon_core.shell:create_environment_hook('crowd_statistics', 'cmake_prefix_path')
[33.246s] INFO:colcon.colcon_core.shell:Creating environment hook '/capella/lib/python3.10/site-packages/crowd_statistics_ws/install/crowd_statistics/share/crowd_statistics/hook/cmake_prefix_path.ps1'
[33.248s] INFO:colcon.colcon_core.shell:Creating environment descriptor '/capella/lib/python3.10/site-packages/crowd_statistics_ws/install/crowd_statistics/share/crowd_statistics/hook/cmake_prefix_path.dsv'
[33.249s] INFO:colcon.colcon_core.shell:Creating environment hook '/capella/lib/python3.10/site-packages/crowd_statistics_ws/install/crowd_statistics/share/crowd_statistics/hook/cmake_prefix_path.sh'
[33.251s] Level 1:colcon.colcon_core.environment:checking '/capella/lib/python3.10/site-packages/crowd_statistics_ws/install/crowd_statistics/lib'
[33.251s] Level 1:colcon.colcon_core.environment:checking '/capella/lib/python3.10/site-packages/crowd_statistics_ws/install/crowd_statistics/bin'
[33.251s] Level 1:colcon.colcon_core.environment:checking '/capella/lib/python3.10/site-packages/crowd_statistics_ws/install/crowd_statistics/lib/pkgconfig/crowd_statistics.pc'
[33.251s] Level 1:colcon.colcon_core.environment:checking '/capella/lib/python3.10/site-packages/crowd_statistics_ws/install/crowd_statistics/lib/python3.10/site-packages'
[33.252s] Level 1:colcon.colcon_core.environment:checking '/capella/lib/python3.10/site-packages/crowd_statistics_ws/install/crowd_statistics/bin'
[33.253s] INFO:colcon.colcon_core.shell:Creating package script '/capella/lib/python3.10/site-packages/crowd_statistics_ws/install/crowd_statistics/share/crowd_statistics/package.ps1'
[33.254s] INFO:colcon.colcon_core.shell:Creating package descriptor '/capella/lib/python3.10/site-packages/crowd_statistics_ws/install/crowd_statistics/share/crowd_statistics/package.dsv'
[33.255s] INFO:colcon.colcon_core.shell:Creating package script '/capella/lib/python3.10/site-packages/crowd_statistics_ws/install/crowd_statistics/share/crowd_statistics/package.sh'
[33.255s] INFO:colcon.colcon_core.shell:Creating package script '/capella/lib/python3.10/site-packages/crowd_statistics_ws/install/crowd_statistics/share/crowd_statistics/package.bash'
[33.256s] INFO:colcon.colcon_core.shell:Creating package script '/capella/lib/python3.10/site-packages/crowd_statistics_ws/install/crowd_statistics/share/crowd_statistics/package.zsh'
[33.257s] Level 1:colcon.colcon_core.environment:create_file_with_runtime_dependencies(/capella/lib/python3.10/site-packages/crowd_statistics_ws/install/crowd_statistics/share/colcon-core/packages/crowd_statistics)
[33.257s] DEBUG:colcon.colcon_parallel_executor.executor.parallel:closing loop
[33.258s] DEBUG:colcon.colcon_parallel_executor.executor.parallel:loop closed
[33.258s] DEBUG:colcon.colcon_parallel_executor.executor.parallel:run_until_complete finished with '0'
[33.258s] DEBUG:colcon.colcon_core.event_reactor:joining thread
[33.271s] INFO:colcon.colcon_core.plugin_system:Skipping extension 'colcon_notification.desktop_notification.notify_send': Could not find 'notify-send'
[33.271s] INFO:colcon.colcon_core.plugin_system:Skipping extension 'colcon_notification.desktop_notification.terminal_notifier': Not used on non-Darwin systems
[33.271s] INFO:colcon.colcon_core.plugin_system:Skipping extension 'colcon_notification.desktop_notification.win32': Not used on non-Windows systems
[33.272s] INFO:colcon.colcon_notification.desktop_notification:Sending desktop notification using 'notify2'
[33.280s] DEBUG:colcon.colcon_notification.desktop_notification.notify2:Failed to initialize notify2: org.freedesktop.DBus.Error.Spawn.ExecFailed: /usr/bin/dbus-launch terminated abnormally without any error message
[33.281s] DEBUG:colcon.colcon_core.event_reactor:joined thread
[33.283s] INFO:colcon.colcon_core.shell:Creating prefix script '/capella/lib/python3.10/site-packages/crowd_statistics_ws/install/local_setup.ps1'
[33.286s] INFO:colcon.colcon_core.shell:Creating prefix util module '/capella/lib/python3.10/site-packages/crowd_statistics_ws/install/_local_setup_util_ps1.py'
[33.289s] INFO:colcon.colcon_core.shell:Creating prefix chain script '/capella/lib/python3.10/site-packages/crowd_statistics_ws/install/setup.ps1'
[33.293s] INFO:colcon.colcon_core.shell:Creating prefix script '/capella/lib/python3.10/site-packages/crowd_statistics_ws/install/local_setup.sh'
[33.294s] INFO:colcon.colcon_core.shell:Creating prefix util module '/capella/lib/python3.10/site-packages/crowd_statistics_ws/install/_local_setup_util_sh.py'
[33.295s] INFO:colcon.colcon_core.shell:Creating prefix chain script '/capella/lib/python3.10/site-packages/crowd_statistics_ws/install/setup.sh'
[33.298s] INFO:colcon.colcon_core.shell:Creating prefix script '/capella/lib/python3.10/site-packages/crowd_statistics_ws/install/local_setup.bash'
[33.299s] INFO:colcon.colcon_core.shell:Creating prefix chain script '/capella/lib/python3.10/site-packages/crowd_statistics_ws/install/setup.bash'
[33.303s] INFO:colcon.colcon_core.shell:Creating prefix script '/capella/lib/python3.10/site-packages/crowd_statistics_ws/install/local_setup.zsh'
[33.304s] INFO:colcon.colcon_core.shell:Creating prefix chain script '/capella/lib/python3.10/site-packages/crowd_statistics_ws/install/setup.zsh'
