[0.258s] DEBUG:colcon:Command line arguments: ['/usr/bin/colcon', 'build', '--packages-select', 'crowd_statistics']
[0.258s] DEBUG:colcon:Parsed command line arguments: Namespace(log_base=None, log_level=None, verb_name='build', build_base='build', install_base='install', merge_install=False, symlink_install=False, test_result_base=None, continue_on_error=False, executor='parallel', parallel_workers=24, event_handlers=None, ignore_user_meta=False, metas=['./colcon.meta'], base_paths=['.'], packages_ignore=None, packages_ignore_regex=None, paths=None, packages_up_to=None, packages_up_to_regex=None, packages_above=None, packages_above_and_dependencies=None, packages_above_depth=None, packages_select_by_dep=None, packages_skip_by_dep=None, packages_skip_up_to=None, packages_select_build_failed=False, packages_skip_build_finished=False, packages_select_test_failures=False, packages_skip_test_passed=False, packages_select=['crowd_statistics'], packages_skip=None, packages_select_regex=None, packages_skip_regex=None, packages_start=None, packages_end=None, cmake_args=None, cmake_target=None, cmake_target_skip_unavailable=False, cmake_clean_cache=False, cmake_clean_first=False, cmake_force_configure=False, ament_cmake_args=None, catkin_cmake_args=None, catkin_skip_building_tests=False, mixin_files=None, mixin=None, verb_parser=<colcon_mixin.mixin.mixin_argument.MixinArgumentDecorator object at 0x707ea0a22ad0>, verb_extension=<colcon_core.verb.build.BuildVerb object at 0x707ea09e8880>, main=<bound method BuildVerb.main of <colcon_core.verb.build.BuildVerb object at 0x707ea09e8880>>, mixin_verb=('build',))
[0.420s] Level 1:colcon.colcon_core.package_discovery:discover_packages(colcon_meta) check parameters
[0.421s] Level 1:colcon.colcon_core.package_discovery:discover_packages(recursive) check parameters
[0.421s] Level 1:colcon.colcon_core.package_discovery:discover_packages(ignore) check parameters
[0.421s] Level 1:colcon.colcon_core.package_discovery:discover_packages(path) check parameters
[0.421s] Level 1:colcon.colcon_core.package_discovery:discover_packages(colcon_meta) discover
[0.421s] Level 1:colcon.colcon_core.package_discovery:discover_packages(recursive) discover
[0.421s] INFO:colcon.colcon_core.package_discovery:Crawling recursively for packages in '/capella/lib/python3.10/site-packages/crowd_statistics_ws'
[0.422s] Level 1:colcon.colcon_core.package_identification:_identify(.) by extensions ['ignore', 'ignore_ament_install']
[0.422s] Level 1:colcon.colcon_core.package_identification:_identify(.) by extension 'ignore'
[0.423s] Level 1:colcon.colcon_core.package_identification:_identify(.) by extension 'ignore_ament_install'
[0.423s] Level 1:colcon.colcon_core.package_identification:_identify(.) by extensions ['colcon_pkg']
[0.423s] Level 1:colcon.colcon_core.package_identification:_identify(.) by extension 'colcon_pkg'
[0.423s] Level 1:colcon.colcon_core.package_identification:_identify(.) by extensions ['colcon_meta']
[0.424s] Level 1:colcon.colcon_core.package_identification:_identify(.) by extension 'colcon_meta'
[0.424s] Level 1:colcon.colcon_core.package_identification:_identify(.) by extensions ['ros']
[0.424s] Level 1:colcon.colcon_core.package_identification:_identify(.) by extension 'ros'
[0.542s] Level 1:colcon.colcon_core.package_identification:_identify(.) by extensions ['cmake', 'python']
[0.543s] Level 1:colcon.colcon_core.package_identification:_identify(.) by extension 'cmake'
[0.543s] Level 1:colcon.colcon_core.package_identification:_identify(.) by extension 'python'
[0.544s] Level 1:colcon.colcon_core.package_identification:_identify(.) by extensions ['python_setup_py']
[0.545s] Level 1:colcon.colcon_core.package_identification:_identify(.) by extension 'python_setup_py'
[0.545s] Level 1:colcon.colcon_core.package_identification:_identify(build) by extensions ['ignore', 'ignore_ament_install']
[0.546s] Level 1:colcon.colcon_core.package_identification:_identify(build) by extension 'ignore'
[0.546s] Level 1:colcon.colcon_core.package_identification:_identify(build) ignored
[0.546s] Level 1:colcon.colcon_core.package_identification:_identify(install) by extensions ['ignore', 'ignore_ament_install']
[0.546s] Level 1:colcon.colcon_core.package_identification:_identify(install) by extension 'ignore'
[0.547s] Level 1:colcon.colcon_core.package_identification:_identify(install) ignored
[0.547s] Level 1:colcon.colcon_core.package_identification:_identify(log) by extensions ['ignore', 'ignore_ament_install']
[0.555s] Level 1:colcon.colcon_core.package_identification:_identify(log) by extension 'ignore'
[0.557s] Level 1:colcon.colcon_core.package_identification:_identify(log) ignored
[0.559s] Level 1:colcon.colcon_core.package_identification:_identify(src) by extensions ['ignore', 'ignore_ament_install']
[0.561s] Level 1:colcon.colcon_core.package_identification:_identify(src) by extension 'ignore'
[0.562s] Level 1:colcon.colcon_core.package_identification:_identify(src) by extension 'ignore_ament_install'
[0.564s] Level 1:colcon.colcon_core.package_identification:_identify(src) by extensions ['colcon_pkg']
[0.564s] Level 1:colcon.colcon_core.package_identification:_identify(src) by extension 'colcon_pkg'
[0.564s] Level 1:colcon.colcon_core.package_identification:_identify(src) by extensions ['colcon_meta']
[0.564s] Level 1:colcon.colcon_core.package_identification:_identify(src) by extension 'colcon_meta'
[0.564s] Level 1:colcon.colcon_core.package_identification:_identify(src) by extensions ['ros']
[0.564s] Level 1:colcon.colcon_core.package_identification:_identify(src) by extension 'ros'
[0.564s] Level 1:colcon.colcon_core.package_identification:_identify(src) by extensions ['cmake', 'python']
[0.564s] Level 1:colcon.colcon_core.package_identification:_identify(src) by extension 'cmake'
[0.564s] Level 1:colcon.colcon_core.package_identification:_identify(src) by extension 'python'
[0.564s] Level 1:colcon.colcon_core.package_identification:_identify(src) by extensions ['python_setup_py']
[0.567s] Level 1:colcon.colcon_core.package_identification:_identify(src) by extension 'python_setup_py'
[0.568s] Level 1:colcon.colcon_core.package_identification:_identify(src/crowd_statistics) by extensions ['ignore', 'ignore_ament_install']
[0.568s] Level 1:colcon.colcon_core.package_identification:_identify(src/crowd_statistics) by extension 'ignore'
[0.568s] Level 1:colcon.colcon_core.package_identification:_identify(src/crowd_statistics) by extension 'ignore_ament_install'
[0.568s] Level 1:colcon.colcon_core.package_identification:_identify(src/crowd_statistics) by extensions ['colcon_pkg']
[0.568s] Level 1:colcon.colcon_core.package_identification:_identify(src/crowd_statistics) by extension 'colcon_pkg'
[0.568s] Level 1:colcon.colcon_core.package_identification:_identify(src/crowd_statistics) by extensions ['colcon_meta']
[0.568s] Level 1:colcon.colcon_core.package_identification:_identify(src/crowd_statistics) by extension 'colcon_meta'
[0.568s] Level 1:colcon.colcon_core.package_identification:_identify(src/crowd_statistics) by extensions ['ros']
[0.569s] Level 1:colcon.colcon_core.package_identification:_identify(src/crowd_statistics) by extension 'ros'
[0.603s] DEBUG:colcon.colcon_core.package_identification:Package 'src/crowd_statistics' with type 'ros.ament_cmake' and name 'crowd_statistics'
[0.603s] Level 1:colcon.colcon_core.package_discovery:discover_packages(recursive) using defaults
[0.603s] Level 1:colcon.colcon_core.package_discovery:discover_packages(ignore) discover
[0.603s] Level 1:colcon.colcon_core.package_discovery:discover_packages(ignore) using defaults
[0.603s] Level 1:colcon.colcon_core.package_discovery:discover_packages(path) discover
[0.604s] Level 1:colcon.colcon_core.package_discovery:discover_packages(path) using defaults
[0.674s] Level 5:colcon.colcon_core.verb:set package 'crowd_statistics' build argument 'cmake_args' from command line to 'None'
[0.675s] Level 5:colcon.colcon_core.verb:set package 'crowd_statistics' build argument 'cmake_target' from command line to 'None'
[0.675s] Level 5:colcon.colcon_core.verb:set package 'crowd_statistics' build argument 'cmake_target_skip_unavailable' from command line to 'False'
[0.675s] Level 5:colcon.colcon_core.verb:set package 'crowd_statistics' build argument 'cmake_clean_cache' from command line to 'False'
[0.675s] Level 5:colcon.colcon_core.verb:set package 'crowd_statistics' build argument 'cmake_clean_first' from command line to 'False'
[0.675s] Level 5:colcon.colcon_core.verb:set package 'crowd_statistics' build argument 'cmake_force_configure' from command line to 'False'
[0.675s] Level 5:colcon.colcon_core.verb:set package 'crowd_statistics' build argument 'ament_cmake_args' from command line to 'None'
[0.675s] Level 5:colcon.colcon_core.verb:set package 'crowd_statistics' build argument 'catkin_cmake_args' from command line to 'None'
[0.675s] Level 5:colcon.colcon_core.verb:set package 'crowd_statistics' build argument 'catkin_skip_building_tests' from command line to 'False'
[0.675s] DEBUG:colcon.colcon_core.verb:Building package 'crowd_statistics' with the following arguments: {'ament_cmake_args': None, 'build_base': '/capella/lib/python3.10/site-packages/crowd_statistics_ws/build/crowd_statistics', 'catkin_cmake_args': None, 'catkin_skip_building_tests': False, 'cmake_args': None, 'cmake_clean_cache': False, 'cmake_clean_first': False, 'cmake_force_configure': False, 'cmake_target': None, 'cmake_target_skip_unavailable': False, 'install_base': '/capella/lib/python3.10/site-packages/crowd_statistics_ws/install/crowd_statistics', 'merge_install': False, 'path': '/capella/lib/python3.10/site-packages/crowd_statistics_ws/src/crowd_statistics', 'symlink_install': False, 'test_result_base': None}
[0.675s] INFO:colcon.colcon_core.executor:Executing jobs using 'parallel' executor
[0.679s] DEBUG:colcon.colcon_parallel_executor.executor.parallel:run_until_complete
[0.680s] INFO:colcon.colcon_ros.task.ament_cmake.build:Building ROS package in '/capella/lib/python3.10/site-packages/crowd_statistics_ws/src/crowd_statistics' with build type 'ament_cmake'
[0.681s] INFO:colcon.colcon_cmake.task.cmake.build:Building CMake package in '/capella/lib/python3.10/site-packages/crowd_statistics_ws/src/crowd_statistics'
[0.686s] INFO:colcon.colcon_core.plugin_system:Skipping extension 'colcon_core.shell.bat': Not used on non-Windows systems
[0.688s] INFO:colcon.colcon_core.shell:Skip shell extension 'powershell' for command environment: Not usable outside of PowerShell
[0.689s] DEBUG:colcon.colcon_core.shell:Skip shell extension 'dsv' for command environment
[0.727s] DEBUG:colcon.colcon_core.event_handler.log_command:Invoking command in '/capella/lib/python3.10/site-packages/crowd_statistics_ws/build/crowd_statistics': CMAKE_PREFIX_PATH=${CMAKE_PREFIX_PATH}:/capella/lib/python3.10/site-packages/capella_mmdet3d_node/install/capella_mmdet3d_node:/opt/ros/humble /usr/local/bin/cmake --build /capella/lib/python3.10/site-packages/crowd_statistics_ws/build/crowd_statistics -- -j24 -l24
[33.222s] DEBUG:colcon.colcon_core.event_handler.log_command:Invoked command in '/capella/lib/python3.10/site-packages/crowd_statistics_ws/build/crowd_statistics' returned '0': CMAKE_PREFIX_PATH=${CMAKE_PREFIX_PATH}:/capella/lib/python3.10/site-packages/capella_mmdet3d_node/install/capella_mmdet3d_node:/opt/ros/humble /usr/local/bin/cmake --build /capella/lib/python3.10/site-packages/crowd_statistics_ws/build/crowd_statistics -- -j24 -l24
[33.464s] DEBUG:colcon.colcon_core.event_handler.log_command:Invoking command in '/capella/lib/python3.10/site-packages/crowd_statistics_ws/build/crowd_statistics': CMAKE_PREFIX_PATH=${CMAKE_PREFIX_PATH}:/capella/lib/python3.10/site-packages/capella_mmdet3d_node/install/capella_mmdet3d_node:/opt/ros/humble /usr/local/bin/cmake --install /capella/lib/python3.10/site-packages/crowd_statistics_ws/build/crowd_statistics
[33.710s] Level 1:colcon.colcon_core.environment:create_environment_scripts_only(crowd_statistics)
[33.715s] DEBUG:colcon.colcon_core.event_handler.log_command:Invoked command in '/capella/lib/python3.10/site-packages/crowd_statistics_ws/build/crowd_statistics' returned '0': CMAKE_PREFIX_PATH=${CMAKE_PREFIX_PATH}:/capella/lib/python3.10/site-packages/capella_mmdet3d_node/install/capella_mmdet3d_node:/opt/ros/humble /usr/local/bin/cmake --install /capella/lib/python3.10/site-packages/crowd_statistics_ws/build/crowd_statistics
[33.721s] Level 1:colcon.colcon_core.environment:checking '/capella/lib/python3.10/site-packages/crowd_statistics_ws/install/crowd_statistics' for CMake module files
[33.722s] Level 1:colcon.colcon_core.environment:checking '/capella/lib/python3.10/site-packages/crowd_statistics_ws/install/crowd_statistics' for CMake config files
[33.723s] Level 1:colcon.colcon_core.shell:create_environment_hook('crowd_statistics', 'cmake_prefix_path')
[33.724s] INFO:colcon.colcon_core.shell:Creating environment hook '/capella/lib/python3.10/site-packages/crowd_statistics_ws/install/crowd_statistics/share/crowd_statistics/hook/cmake_prefix_path.ps1'
[33.735s] INFO:colcon.colcon_core.shell:Creating environment descriptor '/capella/lib/python3.10/site-packages/crowd_statistics_ws/install/crowd_statistics/share/crowd_statistics/hook/cmake_prefix_path.dsv'
[33.740s] INFO:colcon.colcon_core.shell:Creating environment hook '/capella/lib/python3.10/site-packages/crowd_statistics_ws/install/crowd_statistics/share/crowd_statistics/hook/cmake_prefix_path.sh'
[33.743s] Level 1:colcon.colcon_core.environment:checking '/capella/lib/python3.10/site-packages/crowd_statistics_ws/install/crowd_statistics/lib'
[33.744s] Level 1:colcon.colcon_core.environment:checking '/capella/lib/python3.10/site-packages/crowd_statistics_ws/install/crowd_statistics/bin'
[33.745s] Level 1:colcon.colcon_core.environment:checking '/capella/lib/python3.10/site-packages/crowd_statistics_ws/install/crowd_statistics/lib/pkgconfig/crowd_statistics.pc'
[33.748s] Level 1:colcon.colcon_core.environment:checking '/capella/lib/python3.10/site-packages/crowd_statistics_ws/install/crowd_statistics/lib/python3.10/site-packages'
[33.748s] Level 1:colcon.colcon_core.environment:checking '/capella/lib/python3.10/site-packages/crowd_statistics_ws/install/crowd_statistics/bin'
[33.750s] INFO:colcon.colcon_core.shell:Creating package script '/capella/lib/python3.10/site-packages/crowd_statistics_ws/install/crowd_statistics/share/crowd_statistics/package.ps1'
[33.752s] INFO:colcon.colcon_core.shell:Creating package descriptor '/capella/lib/python3.10/site-packages/crowd_statistics_ws/install/crowd_statistics/share/crowd_statistics/package.dsv'
[33.753s] INFO:colcon.colcon_core.shell:Creating package script '/capella/lib/python3.10/site-packages/crowd_statistics_ws/install/crowd_statistics/share/crowd_statistics/package.sh'
[33.755s] INFO:colcon.colcon_core.shell:Creating package script '/capella/lib/python3.10/site-packages/crowd_statistics_ws/install/crowd_statistics/share/crowd_statistics/package.bash'
[33.757s] INFO:colcon.colcon_core.shell:Creating package script '/capella/lib/python3.10/site-packages/crowd_statistics_ws/install/crowd_statistics/share/crowd_statistics/package.zsh'
[33.758s] Level 1:colcon.colcon_core.environment:create_file_with_runtime_dependencies(/capella/lib/python3.10/site-packages/crowd_statistics_ws/install/crowd_statistics/share/colcon-core/packages/crowd_statistics)
[33.761s] Level 1:colcon.colcon_core.environment:create_environment_scripts_only(crowd_statistics)
[33.762s] Level 1:colcon.colcon_core.environment:checking '/capella/lib/python3.10/site-packages/crowd_statistics_ws/install/crowd_statistics' for CMake module files
[33.763s] Level 1:colcon.colcon_core.environment:checking '/capella/lib/python3.10/site-packages/crowd_statistics_ws/install/crowd_statistics' for CMake config files
[33.763s] Level 1:colcon.colcon_core.shell:create_environment_hook('crowd_statistics', 'cmake_prefix_path')
[33.765s] INFO:colcon.colcon_core.shell:Creating environment hook '/capella/lib/python3.10/site-packages/crowd_statistics_ws/install/crowd_statistics/share/crowd_statistics/hook/cmake_prefix_path.ps1'
[33.768s] INFO:colcon.colcon_core.shell:Creating environment descriptor '/capella/lib/python3.10/site-packages/crowd_statistics_ws/install/crowd_statistics/share/crowd_statistics/hook/cmake_prefix_path.dsv'
[33.770s] INFO:colcon.colcon_core.shell:Creating environment hook '/capella/lib/python3.10/site-packages/crowd_statistics_ws/install/crowd_statistics/share/crowd_statistics/hook/cmake_prefix_path.sh'
[33.773s] Level 1:colcon.colcon_core.environment:checking '/capella/lib/python3.10/site-packages/crowd_statistics_ws/install/crowd_statistics/lib'
[33.774s] Level 1:colcon.colcon_core.environment:checking '/capella/lib/python3.10/site-packages/crowd_statistics_ws/install/crowd_statistics/bin'
[33.774s] Level 1:colcon.colcon_core.environment:checking '/capella/lib/python3.10/site-packages/crowd_statistics_ws/install/crowd_statistics/lib/pkgconfig/crowd_statistics.pc'
[33.775s] Level 1:colcon.colcon_core.environment:checking '/capella/lib/python3.10/site-packages/crowd_statistics_ws/install/crowd_statistics/lib/python3.10/site-packages'
[33.777s] Level 1:colcon.colcon_core.environment:checking '/capella/lib/python3.10/site-packages/crowd_statistics_ws/install/crowd_statistics/bin'
[33.778s] INFO:colcon.colcon_core.shell:Creating package script '/capella/lib/python3.10/site-packages/crowd_statistics_ws/install/crowd_statistics/share/crowd_statistics/package.ps1'
[33.780s] INFO:colcon.colcon_core.shell:Creating package descriptor '/capella/lib/python3.10/site-packages/crowd_statistics_ws/install/crowd_statistics/share/crowd_statistics/package.dsv'
[33.784s] INFO:colcon.colcon_core.shell:Creating package script '/capella/lib/python3.10/site-packages/crowd_statistics_ws/install/crowd_statistics/share/crowd_statistics/package.sh'
[33.786s] INFO:colcon.colcon_core.shell:Creating package script '/capella/lib/python3.10/site-packages/crowd_statistics_ws/install/crowd_statistics/share/crowd_statistics/package.bash'
[33.788s] INFO:colcon.colcon_core.shell:Creating package script '/capella/lib/python3.10/site-packages/crowd_statistics_ws/install/crowd_statistics/share/crowd_statistics/package.zsh'
[33.789s] Level 1:colcon.colcon_core.environment:create_file_with_runtime_dependencies(/capella/lib/python3.10/site-packages/crowd_statistics_ws/install/crowd_statistics/share/colcon-core/packages/crowd_statistics)
[33.791s] DEBUG:colcon.colcon_parallel_executor.executor.parallel:closing loop
[33.798s] DEBUG:colcon.colcon_parallel_executor.executor.parallel:loop closed
[33.798s] DEBUG:colcon.colcon_parallel_executor.executor.parallel:run_until_complete finished with '0'
[33.799s] DEBUG:colcon.colcon_core.event_reactor:joining thread
[33.830s] INFO:colcon.colcon_core.plugin_system:Skipping extension 'colcon_notification.desktop_notification.notify_send': Could not find 'notify-send'
[33.831s] INFO:colcon.colcon_core.plugin_system:Skipping extension 'colcon_notification.desktop_notification.terminal_notifier': Not used on non-Darwin systems
[33.831s] INFO:colcon.colcon_core.plugin_system:Skipping extension 'colcon_notification.desktop_notification.win32': Not used on non-Windows systems
[33.831s] INFO:colcon.colcon_notification.desktop_notification:Sending desktop notification using 'notify2'
[33.843s] DEBUG:colcon.colcon_notification.desktop_notification.notify2:Failed to initialize notify2: org.freedesktop.DBus.Error.Spawn.ExecFailed: /usr/bin/dbus-launch terminated abnormally without any error message
[33.845s] DEBUG:colcon.colcon_core.event_reactor:joined thread
[33.848s] INFO:colcon.colcon_core.shell:Creating prefix script '/capella/lib/python3.10/site-packages/crowd_statistics_ws/install/local_setup.ps1'
[33.852s] INFO:colcon.colcon_core.shell:Creating prefix util module '/capella/lib/python3.10/site-packages/crowd_statistics_ws/install/_local_setup_util_ps1.py'
[33.857s] INFO:colcon.colcon_core.shell:Creating prefix chain script '/capella/lib/python3.10/site-packages/crowd_statistics_ws/install/setup.ps1'
[33.862s] INFO:colcon.colcon_core.shell:Creating prefix script '/capella/lib/python3.10/site-packages/crowd_statistics_ws/install/local_setup.sh'
[33.865s] INFO:colcon.colcon_core.shell:Creating prefix util module '/capella/lib/python3.10/site-packages/crowd_statistics_ws/install/_local_setup_util_sh.py'
[33.866s] INFO:colcon.colcon_core.shell:Creating prefix chain script '/capella/lib/python3.10/site-packages/crowd_statistics_ws/install/setup.sh'
[33.868s] INFO:colcon.colcon_core.shell:Creating prefix script '/capella/lib/python3.10/site-packages/crowd_statistics_ws/install/local_setup.bash'
[33.869s] INFO:colcon.colcon_core.shell:Creating prefix chain script '/capella/lib/python3.10/site-packages/crowd_statistics_ws/install/setup.bash'
[33.873s] INFO:colcon.colcon_core.shell:Creating prefix script '/capella/lib/python3.10/site-packages/crowd_statistics_ws/install/local_setup.zsh'
[33.875s] INFO:colcon.colcon_core.shell:Creating prefix chain script '/capella/lib/python3.10/site-packages/crowd_statistics_ws/install/setup.zsh'
