[0.035s] Invoking command in '/capella/lib/python3.10/site-packages/crowd_statistics_ws/build/crowd_statistics': CMAKE_PREFIX_PATH=${CMAKE_PREFIX_PATH}:/capella/lib/python3.10/site-packages/capella_mmdet3d_node/install/capella_mmdet3d_node:/opt/ros/humble /usr/local/bin/cmake --build /capella/lib/python3.10/site-packages/crowd_statistics_ws/build/crowd_statistics -- -j24 -l24
[0.347s] [ 50%] [32mBuilding CXX object CMakeFiles/crowd_statistics_node.dir/src/crowd_statistics.cpp.o[0m
[30.679s] [100%] [1m[32mLinking CXX executable crowd_statistics_node[0m
[32.983s] [100%] Built target crowd_statistics_node
[33.013s] Invoked command in '/capella/lib/python3.10/site-packages/crowd_statistics_ws/build/crowd_statistics' returned '0': CMAKE_PREFIX_PATH=${CMAKE_PREFIX_PATH}:/capella/lib/python3.10/site-packages/capella_mmdet3d_node/install/capella_mmdet3d_node:/opt/ros/humble /usr/local/bin/cmake --build /capella/lib/python3.10/site-packages/crowd_statistics_ws/build/crowd_statistics -- -j24 -l24
[33.190s] Invoking command in '/capella/lib/python3.10/site-packages/crowd_statistics_ws/build/crowd_statistics': CMAKE_PREFIX_PATH=${CMAKE_PREFIX_PATH}:/capella/lib/python3.10/site-packages/capella_mmdet3d_node/install/capella_mmdet3d_node:/opt/ros/humble /usr/local/bin/cmake --install /capella/lib/python3.10/site-packages/crowd_statistics_ws/build/crowd_statistics
[33.351s] -- Install configuration: ""
[33.352s] -- Installing: /capella/lib/python3.10/site-packages/crowd_statistics_ws/install/crowd_statistics/lib/crowd_statistics/crowd_statistics_node
[33.359s] -- Set non-toolchain portion of runtime path of "/capella/lib/python3.10/site-packages/crowd_statistics_ws/install/crowd_statistics/lib/crowd_statistics/crowd_statistics_node" to ""
[33.359s] -- Up-to-date: /capella/lib/python3.10/site-packages/crowd_statistics_ws/install/crowd_statistics/share/ament_index/resource_index/package_run_dependencies/crowd_statistics
[33.359s] -- Up-to-date: /capella/lib/python3.10/site-packages/crowd_statistics_ws/install/crowd_statistics/share/ament_index/resource_index/parent_prefix_path/crowd_statistics
[33.360s] -- Up-to-date: /capella/lib/python3.10/site-packages/crowd_statistics_ws/install/crowd_statistics/share/crowd_statistics/environment/ament_prefix_path.sh
[33.360s] -- Up-to-date: /capella/lib/python3.10/site-packages/crowd_statistics_ws/install/crowd_statistics/share/crowd_statistics/environment/ament_prefix_path.dsv
[33.361s] -- Up-to-date: /capella/lib/python3.10/site-packages/crowd_statistics_ws/install/crowd_statistics/share/crowd_statistics/environment/path.sh
[33.361s] -- Up-to-date: /capella/lib/python3.10/site-packages/crowd_statistics_ws/install/crowd_statistics/share/crowd_statistics/environment/path.dsv
[33.361s] -- Up-to-date: /capella/lib/python3.10/site-packages/crowd_statistics_ws/install/crowd_statistics/share/crowd_statistics/local_setup.bash
[33.361s] -- Up-to-date: /capella/lib/python3.10/site-packages/crowd_statistics_ws/install/crowd_statistics/share/crowd_statistics/local_setup.sh
[33.361s] -- Up-to-date: /capella/lib/python3.10/site-packages/crowd_statistics_ws/install/crowd_statistics/share/crowd_statistics/local_setup.zsh
[33.362s] -- Up-to-date: /capella/lib/python3.10/site-packages/crowd_statistics_ws/install/crowd_statistics/share/crowd_statistics/local_setup.dsv
[33.362s] -- Installing: /capella/lib/python3.10/site-packages/crowd_statistics_ws/install/crowd_statistics/share/crowd_statistics/package.dsv
[33.365s] -- Up-to-date: /capella/lib/python3.10/site-packages/crowd_statistics_ws/install/crowd_statistics/share/ament_index/resource_index/packages/crowd_statistics
[33.366s] -- Up-to-date: /capella/lib/python3.10/site-packages/crowd_statistics_ws/install/crowd_statistics/share/crowd_statistics/cmake/crowd_statisticsConfig.cmake
[33.366s] -- Up-to-date: /capella/lib/python3.10/site-packages/crowd_statistics_ws/install/crowd_statistics/share/crowd_statistics/cmake/crowd_statisticsConfig-version.cmake
[33.367s] -- Up-to-date: /capella/lib/python3.10/site-packages/crowd_statistics_ws/install/crowd_statistics/share/crowd_statistics/package.xml
[33.367s] Invoked command in '/capella/lib/python3.10/site-packages/crowd_statistics_ws/build/crowd_statistics' returned '0': CMAKE_PREFIX_PATH=${CMAKE_PREFIX_PATH}:/capella/lib/python3.10/site-packages/capella_mmdet3d_node/install/capella_mmdet3d_node:/opt/ros/humble /usr/local/bin/cmake --install /capella/lib/python3.10/site-packages/crowd_statistics_ws/build/crowd_statistics
