-- Found ament_cmake: 1.3.12 (/opt/ros/humble/share/ament_cmake/cmake)
-- Found rclcpp: 16.0.15 (/opt/ros/humble/share/rclcpp/cmake)
-- Found rosidl_generator_c: 3.1.7 (/opt/ros/humble/share/rosidl_generator_c/cmake)
-- Found rosidl_adapter: 3.1.7 (/opt/ros/humble/share/rosidl_adapter/cmake)
-- Found rosidl_generator_cpp: 3.1.7 (/opt/ros/humble/share/rosidl_generator_cpp/cmake)
-- Using all available rosidl_typesupport_c: rosidl_typesupport_fastrtps_c;rosidl_typesupport_introspection_c
-- Using all available rosidl_typesupport_cpp: rosidl_typesupport_fastrtps_cpp;rosidl_typesupport_introspection_cpp
-- Found rmw_implementation_cmake: 6.1.2 (/opt/ros/humble/share/rmw_implementation_cmake/cmake)
-- Found rmw_cyclonedds_cpp: 1.3.4 (/opt/ros/humble/share/rmw_cyclonedds_cpp/cmake)
-- Using RMW implementation 'rmw_cyclonedds_cpp' as default
-- Found sensor_msgs: 4.9.0 (/opt/ros/humble/share/sensor_msgs/cmake)
-- Found cv_bridge: 3.2.1 (/opt/ros/humble/share/cv_bridge/cmake)
-- Found image_transport: 3.1.12 (/opt/ros/humble/share/image_transport/cmake)
-- Found tf2: 0.25.16 (/opt/ros/humble/share/tf2/cmake)
-- Found tf2_ros: 0.25.16 (/opt/ros/humble/share/tf2_ros/cmake)
-- Found tf2_geometry_msgs: 0.25.18 (/opt/ros/humble/share/tf2_geometry_msgs/cmake)
-- Found eigen3_cmake_module: 0.1.1 (/opt/ros/humble/share/eigen3_cmake_module/cmake)
-- Ensuring Eigen3 include directory is part of orocos-kdl CMake target
-- Found OpenCV: /usr/local (found version "4.8.0")
-- Found ament_lint_auto: 0.12.14 (/opt/ros/humble/share/ament_lint_auto/cmake)
-- Added test 'copyright' to check source files copyright and LICENSE
-- Added test 'cppcheck' to perform static code analysis on C / C++ code
-- Configured cppcheck include dirs: /capella/lib/python3.10/site-packages/crowd_statistics_ws/src/crowd_statistics/include;$<BUILD_INTERFACE:/capella/lib/python3.10/site-packages/crowd_statistics_ws/src/crowd_statistics/include>
-- Configured cppcheck exclude dirs and/or files: 
-- Added test 'cpplint' to check C / C++ code against the Google style
-- Configured cpplint exclude dirs and/or files: 
-- Added test 'lint_cmake' to check CMake code style
-- Added test 'uncrustify' to check C / C++ code style
-- Configured uncrustify additional arguments: 
-- Added test 'xmllint' to check XML markup files
-- Configuring done (1.5s)
-- Generating done (0.1s)
-- Build files have been written to: /capella/lib/python3.10/site-packages/crowd_statistics_ws/build/crowd_statistics
[ 50%] [32mBuilding CXX object CMakeFiles/crowd_statistics_node.dir/src/crowd_statistics.cpp.o[0m
[100%] [1m[32mLinking CXX executable crowd_statistics_node[0m
[100%] Built target crowd_statistics_node
-- Install configuration: ""
-- Installing: /capella/lib/python3.10/site-packages/crowd_statistics_ws/install/crowd_statistics/lib/crowd_statistics/crowd_statistics_node
-- Set non-toolchain portion of runtime path of "/capella/lib/python3.10/site-packages/crowd_statistics_ws/install/crowd_statistics/lib/crowd_statistics/crowd_statistics_node" to ""
-- Installing: /capella/lib/python3.10/site-packages/crowd_statistics_ws/install/crowd_statistics/share/ament_index/resource_index/package_run_dependencies/crowd_statistics
-- Installing: /capella/lib/python3.10/site-packages/crowd_statistics_ws/install/crowd_statistics/share/ament_index/resource_index/parent_prefix_path/crowd_statistics
-- Installing: /capella/lib/python3.10/site-packages/crowd_statistics_ws/install/crowd_statistics/share/crowd_statistics/environment/ament_prefix_path.sh
-- Installing: /capella/lib/python3.10/site-packages/crowd_statistics_ws/install/crowd_statistics/share/crowd_statistics/environment/ament_prefix_path.dsv
-- Installing: /capella/lib/python3.10/site-packages/crowd_statistics_ws/install/crowd_statistics/share/crowd_statistics/environment/path.sh
-- Installing: /capella/lib/python3.10/site-packages/crowd_statistics_ws/install/crowd_statistics/share/crowd_statistics/environment/path.dsv
-- Installing: /capella/lib/python3.10/site-packages/crowd_statistics_ws/install/crowd_statistics/share/crowd_statistics/local_setup.bash
-- Installing: /capella/lib/python3.10/site-packages/crowd_statistics_ws/install/crowd_statistics/share/crowd_statistics/local_setup.sh
-- Installing: /capella/lib/python3.10/site-packages/crowd_statistics_ws/install/crowd_statistics/share/crowd_statistics/local_setup.zsh
-- Installing: /capella/lib/python3.10/site-packages/crowd_statistics_ws/install/crowd_statistics/share/crowd_statistics/local_setup.dsv
-- Installing: /capella/lib/python3.10/site-packages/crowd_statistics_ws/install/crowd_statistics/share/crowd_statistics/package.dsv
-- Installing: /capella/lib/python3.10/site-packages/crowd_statistics_ws/install/crowd_statistics/share/ament_index/resource_index/packages/crowd_statistics
-- Installing: /capella/lib/python3.10/site-packages/crowd_statistics_ws/install/crowd_statistics/share/crowd_statistics/cmake/crowd_statisticsConfig.cmake
-- Installing: /capella/lib/python3.10/site-packages/crowd_statistics_ws/install/crowd_statistics/share/crowd_statistics/cmake/crowd_statisticsConfig-version.cmake
-- Installing: /capella/lib/python3.10/site-packages/crowd_statistics_ws/install/crowd_statistics/share/crowd_statistics/package.xml
