[0.017s] Invoking command in '/capella/lib/python3.10/site-packages/crowd_statistics_ws/build/crowd_statistics': CMAKE_PREFIX_PATH=/capella/lib/python3.10/site-packages/capella_mmdet3d_node/install/capella_mmdet3d_node:/opt/ros/humble /usr/local/bin/cmake --build /capella/lib/python3.10/site-packages/crowd_statistics_ws/build/crowd_statistics -- -j24 -l24
[0.224s] [0mCMake Deprecation Warning at CMakeLists.txt:1 (cmake_minimum_required):
[0.224s]   Compatibility with CMake < 3.10 will be removed from a future version of
[0.224s]   CMake.
[0.224s] 
[0.224s]   Update the VERSION argument <min> value.  Or, use the <min>...<max> syntax
[0.224s]   to tell CMake that the project requires at least <min> but has been updated
[0.224s]   to work with policies introduced by <max> or earlier.
[0.225s] 
[0.225s] [0m
[0.240s] -- Found ament_cmake: 1.3.12 (/opt/ros/humble/share/ament_cmake/cmake)
[0.666s] -- Found rclcpp: 16.0.15 (/opt/ros/humble/share/rclcpp/cmake)
[0.726s] -- Found rosidl_generator_c: 3.1.7 (/opt/ros/humble/share/rosidl_generator_c/cmake)
[0.733s] -- Found rosidl_adapter: 3.1.7 (/opt/ros/humble/share/rosidl_adapter/cmake)
[0.746s] -- Found rosidl_generator_cpp: 3.1.7 (/opt/ros/humble/share/rosidl_generator_cpp/cmake)
[0.766s] -- Using all available rosidl_typesupport_c: rosidl_typesupport_fastrtps_c;rosidl_typesupport_introspection_c
[0.792s] -- Using all available rosidl_typesupport_cpp: rosidl_typesupport_fastrtps_cpp;rosidl_typesupport_introspection_cpp
[0.885s] -- Found rmw_implementation_cmake: 6.1.2 (/opt/ros/humble/share/rmw_implementation_cmake/cmake)
[0.888s] -- Found rmw_cyclonedds_cpp: 1.3.4 (/opt/ros/humble/share/rmw_cyclonedds_cpp/cmake)
[0.933s] -- Using RMW implementation 'rmw_cyclonedds_cpp' as default
[1.062s] -- Found sensor_msgs: 4.9.0 (/opt/ros/humble/share/sensor_msgs/cmake)
[1.135s] -- Found cv_bridge: 3.2.1 (/opt/ros/humble/share/cv_bridge/cmake)
[1.138s] [33mCMake Warning (dev) at /usr/local/lib/cmake/opencv4/OpenCVConfig.cmake:86 (find_package):
[1.139s]   Policy CMP0146 is not set: The FindCUDA module is removed.  Run "cmake
[1.139s]   --help-policy CMP0146" for policy details.  Use the cmake_policy command to
[1.139s]   set the policy and suppress this warning.
[1.140s] 
[1.140s] Call Stack (most recent call first):
[1.140s]   /usr/local/lib/cmake/opencv4/OpenCVConfig.cmake:108 (find_host_package)
[1.140s]   /opt/ros/humble/share/cv_bridge/cmake/ament_cmake_export_dependencies-extras.cmake:21 (find_package)
[1.140s]   /opt/ros/humble/share/cv_bridge/cmake/cv_bridgeConfig.cmake:41 (include)
[1.141s]   CMakeLists.txt:12 (find_package)
[1.141s] This warning is for project developers.  Use -Wno-dev to suppress it.
[1.141s] [0m
[1.189s] -- Found image_transport: 3.1.12 (/opt/ros/humble/share/image_transport/cmake)
[1.233s] -- Found tf2: 0.25.16 (/opt/ros/humble/share/tf2/cmake)
[1.245s] -- Found tf2_ros: 0.25.16 (/opt/ros/humble/share/tf2_ros/cmake)
[1.405s] -- Found tf2_geometry_msgs: 0.25.18 (/opt/ros/humble/share/tf2_geometry_msgs/cmake)
[1.411s] -- Found eigen3_cmake_module: 0.1.1 (/opt/ros/humble/share/eigen3_cmake_module/cmake)
[1.414s] -- Ensuring Eigen3 include directory is part of orocos-kdl CMake target
[1.442s] -- Found OpenCV: /usr/local (found version "4.8.0")
[1.443s] -- Found ament_lint_auto: 0.12.14 (/opt/ros/humble/share/ament_lint_auto/cmake)
[1.703s] -- Added test 'copyright' to check source files copyright and LICENSE
[1.705s] -- Added test 'cppcheck' to perform static code analysis on C / C++ code
[1.705s] -- Configured cppcheck include dirs: /capella/lib/python3.10/site-packages/crowd_statistics_ws/src/crowd_statistics/include;$<BUILD_INTERFACE:/capella/lib/python3.10/site-packages/crowd_statistics_ws/src/crowd_statistics/include>
[1.705s] -- Configured cppcheck exclude dirs and/or files: 
[1.707s] -- Added test 'cpplint' to check C / C++ code against the Google style
[1.707s] -- Configured cpplint exclude dirs and/or files: 
[1.708s] -- Added test 'lint_cmake' to check CMake code style
[1.710s] -- Added test 'uncrustify' to check C / C++ code style
[1.711s] -- Configured uncrustify additional arguments: 
[1.712s] -- Added test 'xmllint' to check XML markup files
[1.717s] -- Configuring done (1.5s)
[1.788s] -- Generating done (0.1s)
[1.888s] -- Build files have been written to: /capella/lib/python3.10/site-packages/crowd_statistics_ws/build/crowd_statistics
[1.954s] [ 50%] [32mBuilding CXX object CMakeFiles/crowd_statistics_node.dir/src/crowd_statistics.cpp.o[0m
[20.555s] [100%] [1m[32mLinking CXX executable crowd_statistics_node[0m
[22.093s] [100%] Built target crowd_statistics_node
[22.104s] Invoked command in '/capella/lib/python3.10/site-packages/crowd_statistics_ws/build/crowd_statistics' returned '0': CMAKE_PREFIX_PATH=/capella/lib/python3.10/site-packages/capella_mmdet3d_node/install/capella_mmdet3d_node:/opt/ros/humble /usr/local/bin/cmake --build /capella/lib/python3.10/site-packages/crowd_statistics_ws/build/crowd_statistics -- -j24 -l24
[22.257s] Invoking command in '/capella/lib/python3.10/site-packages/crowd_statistics_ws/build/crowd_statistics': CMAKE_PREFIX_PATH=/capella/lib/python3.10/site-packages/capella_mmdet3d_node/install/capella_mmdet3d_node:/opt/ros/humble /usr/local/bin/cmake --install /capella/lib/python3.10/site-packages/crowd_statistics_ws/build/crowd_statistics
[22.398s] -- Install configuration: ""
[22.398s] -- Installing: /capella/lib/python3.10/site-packages/crowd_statistics_ws/install/crowd_statistics/lib/crowd_statistics/crowd_statistics_node
[22.404s] -- Set non-toolchain portion of runtime path of "/capella/lib/python3.10/site-packages/crowd_statistics_ws/install/crowd_statistics/lib/crowd_statistics/crowd_statistics_node" to ""
[22.404s] -- Installing: /capella/lib/python3.10/site-packages/crowd_statistics_ws/install/crowd_statistics/share/ament_index/resource_index/package_run_dependencies/crowd_statistics
[22.404s] -- Installing: /capella/lib/python3.10/site-packages/crowd_statistics_ws/install/crowd_statistics/share/ament_index/resource_index/parent_prefix_path/crowd_statistics
[22.404s] -- Installing: /capella/lib/python3.10/site-packages/crowd_statistics_ws/install/crowd_statistics/share/crowd_statistics/environment/ament_prefix_path.sh
[22.404s] -- Installing: /capella/lib/python3.10/site-packages/crowd_statistics_ws/install/crowd_statistics/share/crowd_statistics/environment/ament_prefix_path.dsv
[22.405s] -- Installing: /capella/lib/python3.10/site-packages/crowd_statistics_ws/install/crowd_statistics/share/crowd_statistics/environment/path.sh
[22.405s] -- Installing: /capella/lib/python3.10/site-packages/crowd_statistics_ws/install/crowd_statistics/share/crowd_statistics/environment/path.dsv
[22.405s] -- Installing: /capella/lib/python3.10/site-packages/crowd_statistics_ws/install/crowd_statistics/share/crowd_statistics/local_setup.bash
[22.405s] -- Installing: /capella/lib/python3.10/site-packages/crowd_statistics_ws/install/crowd_statistics/share/crowd_statistics/local_setup.sh
[22.405s] -- Installing: /capella/lib/python3.10/site-packages/crowd_statistics_ws/install/crowd_statistics/share/crowd_statistics/local_setup.zsh
[22.405s] -- Installing: /capella/lib/python3.10/site-packages/crowd_statistics_ws/install/crowd_statistics/share/crowd_statistics/local_setup.dsv
[22.405s] -- Installing: /capella/lib/python3.10/site-packages/crowd_statistics_ws/install/crowd_statistics/share/crowd_statistics/package.dsv
[22.405s] -- Installing: /capella/lib/python3.10/site-packages/crowd_statistics_ws/install/crowd_statistics/share/ament_index/resource_index/packages/crowd_statistics
[22.406s] -- Installing: /capella/lib/python3.10/site-packages/crowd_statistics_ws/install/crowd_statistics/share/crowd_statistics/cmake/crowd_statisticsConfig.cmake
[22.406s] -- Installing: /capella/lib/python3.10/site-packages/crowd_statistics_ws/install/crowd_statistics/share/crowd_statistics/cmake/crowd_statisticsConfig-version.cmake
[22.406s] -- Installing: /capella/lib/python3.10/site-packages/crowd_statistics_ws/install/crowd_statistics/share/crowd_statistics/package.xml
[22.410s] Invoked command in '/capella/lib/python3.10/site-packages/crowd_statistics_ws/build/crowd_statistics' returned '0': CMAKE_PREFIX_PATH=/capella/lib/python3.10/site-packages/capella_mmdet3d_node/install/capella_mmdet3d_node:/opt/ros/humble /usr/local/bin/cmake --install /capella/lib/python3.10/site-packages/crowd_statistics_ws/build/crowd_statistics
