[0mCMake Deprecation Warning at CMakeLists.txt:1 (cmake_minimum_required):
  Compatibility with CMake < 3.10 will be removed from a future version of
  CMake.

  Update the VERSION argument <min> value.  Or, use the <min>...<max> syntax
  to tell CMake that the project requires at least <min> but has been updated
  to work with policies introduced by <max> or earlier.

[0m
-- The C compiler identification is GNU 11.4.0
-- The CXX compiler identification is GNU 11.4.0
-- Detecting C compiler ABI info
-- Detecting C compiler ABI info - done
-- Check for working C compiler: /usr/bin/cc - skipped
-- Detecting C compile features
-- Detecting C compile features - done
-- Detecting CXX compiler ABI info
-- Detecting CXX compiler ABI info - done
-- Check for working CXX compiler: /usr/bin/c++ - skipped
-- Detecting CXX compile features
-- Detecting CXX compile features - done
-- Found ament_cmake: 1.3.12 (/opt/ros/humble/share/ament_cmake/cmake)
-- Found Python3: /usr/bin/python3 (found version "3.10.12") found components: Interpreter
-- Found rclcpp: 16.0.15 (/opt/ros/humble/share/rclcpp/cmake)
-- Found rosidl_generator_c: 3.1.7 (/opt/ros/humble/share/rosidl_generator_c/cmake)
-- Found rosidl_adapter: 3.1.7 (/opt/ros/humble/share/rosidl_adapter/cmake)
-- Found rosidl_generator_cpp: 3.1.7 (/opt/ros/humble/share/rosidl_generator_cpp/cmake)
-- Using all available rosidl_typesupport_c: rosidl_typesupport_fastrtps_c;rosidl_typesupport_introspection_c
-- Using all available rosidl_typesupport_cpp: rosidl_typesupport_fastrtps_cpp;rosidl_typesupport_introspection_cpp
-- Found rmw_implementation_cmake: 6.1.2 (/opt/ros/humble/share/rmw_implementation_cmake/cmake)
-- Found rmw_cyclonedds_cpp: 1.3.4 (/opt/ros/humble/share/rmw_cyclonedds_cpp/cmake)
-- Using RMW implementation 'rmw_cyclonedds_cpp' as default
-- Performing Test CMAKE_HAVE_LIBC_PTHREAD
-- Performing Test CMAKE_HAVE_LIBC_PTHREAD - Success
-- Found Threads: TRUE
-- Found sensor_msgs: 4.9.0 (/opt/ros/humble/share/sensor_msgs/cmake)
-- Found cv_bridge: 3.2.1 (/opt/ros/humble/share/cv_bridge/cmake)
[33mCMake Warning (dev) at /usr/local/lib/cmake/opencv4/OpenCVConfig.cmake:86 (find_package):
  Policy CMP0146 is not set: The FindCUDA module is removed.  Run "cmake
  --help-policy CMP0146" for policy details.  Use the cmake_policy command to
  set the policy and suppress this warning.

Call Stack (most recent call first):
  /usr/local/lib/cmake/opencv4/OpenCVConfig.cmake:108 (find_host_package)
  /opt/ros/humble/share/cv_bridge/cmake/ament_cmake_export_dependencies-extras.cmake:21 (find_package)
  /opt/ros/humble/share/cv_bridge/cmake/cv_bridgeConfig.cmake:41 (include)
  CMakeLists.txt:11 (find_package)
This warning is for project developers.  Use -Wno-dev to suppress it.
[0m
-- Found CUDA: /usr/local/cuda (found suitable exact version "11.8")
-- Found image_transport: 3.1.12 (/opt/ros/humble/share/image_transport/cmake)
-- Found tf2_geometry_msgs: 0.25.18 (/opt/ros/humble/share/tf2_geometry_msgs/cmake)
-- Found eigen3_cmake_module: 0.1.1 (/opt/ros/humble/share/eigen3_cmake_module/cmake)
-- Found Eigen3: TRUE (found version "3.4.0")
-- Ensuring Eigen3 include directory is part of orocos-kdl CMake target
-- Found visualization_msgs: 4.9.0 (/opt/ros/humble/share/visualization_msgs/cmake)
-- Found OpenCV: /usr/local (found version "4.8.0") found components: core dnn imgproc imgcodecs
-- Found ament_lint_auto: 0.12.14 (/opt/ros/humble/share/ament_lint_auto/cmake)
-- Configuring done (3.3s)
-- Generating done (0.1s)
-- Build files have been written to: /capella/lib/python3.10/site-packages/crowd_statistics_ws/build/crowd_statistics
[ 50%] [32mBuilding CXX object CMakeFiles/crowd_statistics_node.dir/src/crowd_statistics.cpp.o[0m
In file included from [01m[K/capella/lib/python3.10/site-packages/crowd_statistics_ws/src/crowd_statistics/src/crowd_statistics.cpp:1[m[K:
[01m[K/capella/lib/python3.10/site-packages/crowd_statistics_ws/src/crowd_statistics/include/crowd_statistics/crowd_statistics.hpp:124:36:[m[K [01;31m[Kerror: [m[K‘[01m[KString[m[K’ is not a member of ‘[01m[Kstd_msgs::msg[m[K’; did you mean ‘[01m[Kcv::String[m[K’?
  124 |   rclcpp::Publisher<std_msgs::msg::[01;31m[KString[m[K>::SharedPtr stats_pub_;  // 或自定义消息
      |                                    [01;31m[K^~~~~~[m[K
In file included from [01m[K/usr/local/include/opencv4/opencv2/core/base.hpp:58[m[K,
                 from [01m[K/usr/local/include/opencv4/opencv2/core.hpp:53[m[K,
                 from [01m[K/usr/local/include/opencv4/opencv2/core/core.hpp:48[m[K,
                 from [01m[K/opt/ros/humble/include/cv_bridge/cv_bridge/cv_bridge.h:43[m[K,
                 from [01m[K/capella/lib/python3.10/site-packages/crowd_statistics_ws/src/crowd_statistics/include/crowd_statistics/crowd_statistics.hpp:17[m[K,
                 from [01m[K/capella/lib/python3.10/site-packages/crowd_statistics_ws/src/crowd_statistics/src/crowd_statistics.cpp:1[m[K:
[01m[K/usr/local/include/opencv4/opencv2/core/cvstd.hpp:152:21:[m[K [01;36m[Knote: [m[K‘[01m[Kcv::String[m[K’ declared here
  152 | typedef std::string [01;36m[KString[m[K;
      |                     [01;36m[K^~~~~~[m[K
In file included from [01m[K/capella/lib/python3.10/site-packages/crowd_statistics_ws/src/crowd_statistics/src/crowd_statistics.cpp:1[m[K:
[01m[K/capella/lib/python3.10/site-packages/crowd_statistics_ws/src/crowd_statistics/include/crowd_statistics/crowd_statistics.hpp:124:42:[m[K [01;31m[Kerror: [m[Ktemplate argument 1 is invalid
  124 |   rclcpp::Publisher<std_msgs::msg::String[01;31m[K>[m[K::SharedPtr stats_pub_;  // 或自定义消息
      |                                          [01;31m[K^[m[K
[01m[K/capella/lib/python3.10/site-packages/crowd_statistics_ws/src/crowd_statistics/include/crowd_statistics/crowd_statistics.hpp:124:45:[m[K [01;31m[Kerror: [m[Kexpected ‘[01m[K;[m[K’ at end of member declaration
  124 |   rclcpp::Publisher<std_msgs::msg::String>::[01;31m[KSharedPtr[m[K stats_pub_;  // 或自定义消息
      |                                             [01;31m[K^~~~~~~~~[m[K
      |                                                      [32m[K;[m[K
[01m[K/capella/lib/python3.10/site-packages/crowd_statistics_ws/src/crowd_statistics/include/crowd_statistics/crowd_statistics.hpp:124:55:[m[K [01;31m[Kerror: [m[K‘[01m[Kstats_pub_[m[K’ does not name a type
  124 |   rclcpp::Publisher<std_msgs::msg::String>::SharedPtr [01;31m[Kstats_pub_[m[K;  // 或自定义消息
      |                                                       [01;31m[K^~~~~~~~~~[m[K
[01m[K/capella/lib/python3.10/site-packages/crowd_statistics_ws/src/crowd_statistics/src/crowd_statistics.cpp:[m[K In constructor ‘[01m[Kcrowd_statistics::CrowdStatisticsNode::CrowdStatisticsNode()[m[K’:
[01m[K/capella/lib/python3.10/site-packages/crowd_statistics_ws/src/crowd_statistics/src/crowd_statistics.cpp:201:3:[m[K [01;31m[Kerror: [m[K‘[01m[Kstats_pub_[m[K’ was not declared in this scope; did you mean ‘[01m[Kstats_mutex_[m[K’?
  201 |   [01;31m[Kstats_pub_[m[K = this->create_publisher<std_msgs::msg::String>(
      |   [01;31m[K^~~~~~~~~~[m[K
      |   [32m[Kstats_mutex_[m[K
[01m[K/capella/lib/python3.10/site-packages/crowd_statistics_ws/src/crowd_statistics/src/crowd_statistics.cpp:201:54:[m[K [01;31m[Kerror: [m[K‘[01m[KString[m[K’ is not a member of ‘[01m[Kstd_msgs::msg[m[K’; did you mean ‘[01m[Kcv::String[m[K’?
  201 |   stats_pub_ = this->create_publisher<std_msgs::msg::[01;31m[KString[m[K>(
      |                                                      [01;31m[K^~~~~~[m[K
In file included from [01m[K/usr/local/include/opencv4/opencv2/core/base.hpp:58[m[K,
                 from [01m[K/usr/local/include/opencv4/opencv2/core.hpp:53[m[K,
                 from [01m[K/usr/local/include/opencv4/opencv2/core/core.hpp:48[m[K,
                 from [01m[K/opt/ros/humble/include/cv_bridge/cv_bridge/cv_bridge.h:43[m[K,
                 from [01m[K/capella/lib/python3.10/site-packages/crowd_statistics_ws/src/crowd_statistics/include/crowd_statistics/crowd_statistics.hpp:17[m[K,
                 from [01m[K/capella/lib/python3.10/site-packages/crowd_statistics_ws/src/crowd_statistics/src/crowd_statistics.cpp:1[m[K:
[01m[K/usr/local/include/opencv4/opencv2/core/cvstd.hpp:152:21:[m[K [01;36m[Knote: [m[K‘[01m[Kcv::String[m[K’ declared here
  152 | typedef std::string [01;36m[KString[m[K;
      |                     [01;36m[K^~~~~~[m[K
[01m[K/capella/lib/python3.10/site-packages/crowd_statistics_ws/src/crowd_statistics/src/crowd_statistics.cpp:201:61:[m[K [01;31m[Kerror: [m[Kno matching function for call to ‘[01m[Kcrowd_statistics::CrowdStatisticsNode::create_publisher<<expression error> >(const char [24], int)[m[K’
  201 |   stats_pub_ = [01;31m[Kthis->create_publisher<std_msgs::msg::String>([m[K
      |                [01;31m[K~~~~~~~~~~~~~~~~~~~~~~~~~~~~~~~~~~~~~~~~~~~~~^[m[K
  202 | [01;31m[K      "/crowd_statistics/stats", 10)[m[K;
      |       [01;31m[K~~~~~~~~~~~~~~~~~~~~~~~~~~~~~~[m[K                         
In file included from [01m[K/opt/ros/humble/include/rclcpp/rclcpp/node.hpp:1321[m[K,
                 from [01m[K/opt/ros/humble/include/rclcpp/rclcpp/executors/single_threaded_executor.hpp:28[m[K,
                 from [01m[K/opt/ros/humble/include/rclcpp/rclcpp/executors.hpp:22[m[K,
                 from [01m[K/opt/ros/humble/include/rclcpp/rclcpp/rclcpp.hpp:155[m[K,
                 from [01m[K/capella/lib/python3.10/site-packages/crowd_statistics_ws/src/crowd_statistics/include/crowd_statistics/crowd_statistics.hpp:10[m[K,
                 from [01m[K/capella/lib/python3.10/site-packages/crowd_statistics_ws/src/crowd_statistics/src/crowd_statistics.cpp:1[m[K:
[01m[K/opt/ros/humble/include/rclcpp/rclcpp/node_impl.hpp:73:1:[m[K [01;36m[Knote: [m[Kcandidate: ‘[01m[Ktemplate<class MessageT, class AllocatorT, class PublisherT> std::shared_ptr<PublisherT> rclcpp::Node::create_publisher(const string&, const rclcpp::QoS&, const rclcpp::PublisherOptionsWithAllocator<AllocatorT>&)[m[K’
   73 | [01;36m[KNode[m[K::create_publisher(
      | [01;36m[K^~~~[m[K
[01m[K/opt/ros/humble/include/rclcpp/rclcpp/node_impl.hpp:73:1:[m[K [01;36m[Knote: [m[K  template argument deduction/substitution failed:
[01m[K/capella/lib/python3.10/site-packages/crowd_statistics_ws/src/crowd_statistics/src/crowd_statistics.cpp:201:61:[m[K [01;31m[Kerror: [m[Ktemplate argument 1 is invalid
  201 |   stats_pub_ = [01;31m[Kthis->create_publisher<std_msgs::msg::String>([m[K
      |                [01;31m[K~~~~~~~~~~~~~~~~~~~~~~~~~~~~~~~~~~~~~~~~~~~~~^[m[K
  202 | [01;31m[K      "/crowd_statistics/stats", 10)[m[K;
      |       [01;31m[K~~~~~~~~~~~~~~~~~~~~~~~~~~~~~~[m[K                         
[01m[K/capella/lib/python3.10/site-packages/crowd_statistics_ws/src/crowd_statistics/src/crowd_statistics.cpp:[m[K In member function ‘[01m[Kvoid crowd_statistics::CrowdStatisticsNode::publishStats(const crowd_statistics::CrowdStats&)[m[K’:
[01m[K/capella/lib/python3.10/site-packages/crowd_statistics_ws/src/crowd_statistics/src/crowd_statistics.cpp:453:18:[m[K [01;31m[Kerror: [m[K‘[01m[KString[m[K’ is not a member of ‘[01m[Kstd_msgs::msg[m[K’; did you mean ‘[01m[Kcv::String[m[K’?
  453 |   std_msgs::msg::[01;31m[KString[m[K msg;
      |                  [01;31m[K^~~~~~[m[K
In file included from [01m[K/usr/local/include/opencv4/opencv2/core/base.hpp:58[m[K,
                 from [01m[K/usr/local/include/opencv4/opencv2/core.hpp:53[m[K,
                 from [01m[K/usr/local/include/opencv4/opencv2/core/core.hpp:48[m[K,
                 from [01m[K/opt/ros/humble/include/cv_bridge/cv_bridge/cv_bridge.h:43[m[K,
                 from [01m[K/capella/lib/python3.10/site-packages/crowd_statistics_ws/src/crowd_statistics/include/crowd_statistics/crowd_statistics.hpp:17[m[K,
                 from [01m[K/capella/lib/python3.10/site-packages/crowd_statistics_ws/src/crowd_statistics/src/crowd_statistics.cpp:1[m[K:
[01m[K/usr/local/include/opencv4/opencv2/core/cvstd.hpp:152:21:[m[K [01;36m[Knote: [m[K‘[01m[Kcv::String[m[K’ declared here
  152 | typedef std::string [01;36m[KString[m[K;
      |                     [01;36m[K^~~~~~[m[K
[01m[K/capella/lib/python3.10/site-packages/crowd_statistics_ws/src/crowd_statistics/src/crowd_statistics.cpp:456:38:[m[K [01;31m[Kerror: [m[K‘[01m[Kconst class rclcpp::Time[m[K’ has no member named ‘[01m[Ksec[m[K’
  456 |   ss << "timestamp: " << stats.stamp.[01;31m[Ksec[m[K << "." << stats.stamp.nanosec
      |                                      [01;31m[K^~~[m[K
[01m[K/capella/lib/python3.10/site-packages/crowd_statistics_ws/src/crowd_statistics/src/crowd_statistics.cpp:456:64:[m[K [01;31m[Kerror: [m[K‘[01m[Kconst class rclcpp::Time[m[K’ has no member named ‘[01m[Knanosec[m[K’; did you mean ‘[01m[Knanoseconds[m[K’?
  456 |   ss << "timestamp: " << stats.stamp.sec << "." << stats.stamp.[01;31m[Knanosec[m[K
      |                                                                [01;31m[K^~~~~~~[m[K
      |                                                                [32m[Knanoseconds[m[K
[01m[K/capella/lib/python3.10/site-packages/crowd_statistics_ws/src/crowd_statistics/src/crowd_statistics.cpp:460:3:[m[K [01;31m[Kerror: [m[K‘[01m[Kmsg[m[K’ was not declared in this scope
  460 |   [01;31m[Kmsg[m[K.data = ss.str();
      |   [01;31m[K^~~[m[K
[01m[K/capella/lib/python3.10/site-packages/crowd_statistics_ws/src/crowd_statistics/src/crowd_statistics.cpp:460:3:[m[K [01;36m[Knote: [m[Ksuggested alternatives:
In file included from [01m[K/opt/ros/humble/include/builtin_interfaces/builtin_interfaces/msg/duration.hpp:7[m[K,
                 from [01m[K/opt/ros/humble/include/rclcpp/rclcpp/duration.hpp:20[m[K,
                 from [01m[K/opt/ros/humble/include/rclcpp/rclcpp/qos.hpp:20[m[K,
                 from [01m[K/opt/ros/humble/include/rclcpp/rclcpp/node_interfaces/node_graph_interface.hpp:32[m[K,
                 from [01m[K/opt/ros/humble/include/rclcpp/rclcpp/client.hpp:42[m[K,
                 from [01m[K/opt/ros/humble/include/rclcpp/rclcpp/callback_group.hpp:24[m[K,
                 from [01m[K/opt/ros/humble/include/rclcpp/rclcpp/any_executable.hpp:20[m[K,
                 from [01m[K/opt/ros/humble/include/rclcpp/rclcpp/memory_strategy.hpp:25[m[K,
                 from [01m[K/opt/ros/humble/include/rclcpp/rclcpp/memory_strategies.hpp:18[m[K,
                 from [01m[K/opt/ros/humble/include/rclcpp/rclcpp/executor_options.hpp:20[m[K,
                 from [01m[K/opt/ros/humble/include/rclcpp/rclcpp/executor.hpp:37[m[K,
                 from [01m[K/opt/ros/humble/include/rclcpp/rclcpp/executors/multi_threaded_executor.hpp:25[m[K,
                 from [01m[K/opt/ros/humble/include/rclcpp/rclcpp/executors.hpp:21[m[K,
                 from [01m[K/opt/ros/humble/include/rclcpp/rclcpp/rclcpp.hpp:155[m[K,
                 from [01m[K/capella/lib/python3.10/site-packages/crowd_statistics_ws/src/crowd_statistics/include/crowd_statistics/crowd_statistics.hpp:10[m[K,
                 from [01m[K/capella/lib/python3.10/site-packages/crowd_statistics_ws/src/crowd_statistics/src/crowd_statistics.cpp:1[m[K:
[01m[K/opt/ros/humble/include/builtin_interfaces/builtin_interfaces/msg/detail/duration__struct.hpp:27:11:[m[K [01;36m[Knote: [m[K  ‘[01m[Kbuiltin_interfaces::msg[m[K’
   27 | namespace [01;36m[Kmsg[m[K
      |           [01;36m[K^~~[m[K
In file included from [01m[K/opt/ros/humble/include/rcl_interfaces/rcl_interfaces/msg/set_parameters_result.hpp:7[m[K,
                 from [01m[K/opt/ros/humble/include/rclcpp/rclcpp/qos_overriding_options.hpp:28[m[K,
                 from [01m[K/opt/ros/humble/include/rclcpp/rclcpp/subscription_options.hpp:30[m[K,
                 from [01m[K/opt/ros/humble/include/rclcpp/rclcpp/subscription.hpp:45[m[K,
                 from [01m[K/opt/ros/humble/include/rclcpp/rclcpp/any_executable.hpp:25[m[K,
                 from [01m[K/opt/ros/humble/include/rclcpp/rclcpp/memory_strategy.hpp:25[m[K,
                 from [01m[K/opt/ros/humble/include/rclcpp/rclcpp/memory_strategies.hpp:18[m[K,
                 from [01m[K/opt/ros/humble/include/rclcpp/rclcpp/executor_options.hpp:20[m[K,
                 from [01m[K/opt/ros/humble/include/rclcpp/rclcpp/executor.hpp:37[m[K,
                 from [01m[K/opt/ros/humble/include/rclcpp/rclcpp/executors/multi_threaded_executor.hpp:25[m[K,
                 from [01m[K/opt/ros/humble/include/rclcpp/rclcpp/executors.hpp:21[m[K,
                 from [01m[K/opt/ros/humble/include/rclcpp/rclcpp/rclcpp.hpp:155[m[K,
                 from [01m[K/capella/lib/python3.10/site-packages/crowd_statistics_ws/src/crowd_statistics/include/crowd_statistics/crowd_statistics.hpp:10[m[K,
                 from [01m[K/capella/lib/python3.10/site-packages/crowd_statistics_ws/src/crowd_statistics/src/crowd_statistics.cpp:1[m[K:
[01m[K/opt/ros/humble/include/rcl_interfaces/rcl_interfaces/msg/detail/set_parameters_result__struct.hpp:27:11:[m[K [01;36m[Knote: [m[K  ‘[01m[Krcl_interfaces::msg[m[K’
   27 | namespace [01;36m[Kmsg[m[K
      |           [01;36m[K^~~[m[K
In file included from [01m[K/opt/ros/humble/include/statistics_msgs/statistics_msgs/msg/detail/metrics_message__struct.hpp:23[m[K,
                 from [01m[K/opt/ros/humble/include/statistics_msgs/statistics_msgs/msg/metrics_message.hpp:7[m[K,
                 from [01m[K/opt/ros/humble/include/libstatistics_collector/libstatistics_collector/collector/generate_statistics_message.hpp:21[m[K,
                 from [01m[K/opt/ros/humble/include/rclcpp/rclcpp/topic_statistics/subscription_topic_statistics.hpp:23[m[K,
                 from [01m[K/opt/ros/humble/include/rclcpp/rclcpp/subscription.hpp:50[m[K,
                 from [01m[K/opt/ros/humble/include/rclcpp/rclcpp/any_executable.hpp:25[m[K,
                 from [01m[K/opt/ros/humble/include/rclcpp/rclcpp/memory_strategy.hpp:25[m[K,
                 from [01m[K/opt/ros/humble/include/rclcpp/rclcpp/memory_strategies.hpp:18[m[K,
                 from [01m[K/opt/ros/humble/include/rclcpp/rclcpp/executor_options.hpp:20[m[K,
                 from [01m[K/opt/ros/humble/include/rclcpp/rclcpp/executor.hpp:37[m[K,
                 from [01m[K/opt/ros/humble/include/rclcpp/rclcpp/executors/multi_threaded_executor.hpp:25[m[K,
                 from [01m[K/opt/ros/humble/include/rclcpp/rclcpp/executors.hpp:21[m[K,
                 from [01m[K/opt/ros/humble/include/rclcpp/rclcpp/rclcpp.hpp:155[m[K,
                 from [01m[K/capella/lib/python3.10/site-packages/crowd_statistics_ws/src/crowd_statistics/include/crowd_statistics/crowd_statistics.hpp:10[m[K,
                 from [01m[K/capella/lib/python3.10/site-packages/crowd_statistics_ws/src/crowd_statistics/src/crowd_statistics.cpp:1[m[K:
[01m[K/opt/ros/humble/include/statistics_msgs/statistics_msgs/msg/detail/statistic_data_point__struct.hpp:27:11:[m[K [01;36m[Knote: [m[K  ‘[01m[Kstatistics_msgs::msg[m[K’
   27 | namespace [01;36m[Kmsg[m[K
      |           [01;36m[K^~~[m[K
In file included from [01m[K/opt/ros/humble/include/sensor_msgs/sensor_msgs/msg/detail/compressed_image__struct.hpp:20[m[K,
                 from [01m[K/opt/ros/humble/include/sensor_msgs/sensor_msgs/msg/compressed_image.hpp:7[m[K,
                 from [01m[K/capella/lib/python3.10/site-packages/crowd_statistics_ws/src/crowd_statistics/include/crowd_statistics/crowd_statistics.hpp:11[m[K,
                 from [01m[K/capella/lib/python3.10/site-packages/crowd_statistics_ws/src/crowd_statistics/src/crowd_statistics.cpp:1[m[K:
[01m[K/opt/ros/humble/include/std_msgs/std_msgs/msg/detail/header__struct.hpp:31:11:[m[K [01;36m[Knote: [m[K  ‘[01m[Kstd_msgs::msg[m[K’
   31 | namespace [01;36m[Kmsg[m[K
      |           [01;36m[K^~~[m[K
In file included from [01m[K/opt/ros/humble/include/sensor_msgs/sensor_msgs/msg/compressed_image.hpp:7[m[K,
                 from [01m[K/capella/lib/python3.10/site-packages/crowd_statistics_ws/src/crowd_statistics/include/crowd_statistics/crowd_statistics.hpp:11[m[K,
                 from [01m[K/capella/lib/python3.10/site-packages/crowd_statistics_ws/src/crowd_statistics/src/crowd_statistics.cpp:1[m[K:
[01m[K/opt/ros/humble/include/sensor_msgs/sensor_msgs/msg/detail/compressed_image__struct.hpp:31:11:[m[K [01;36m[Knote: [m[K  ‘[01m[Ksensor_msgs::msg[m[K’
   31 | namespace [01;36m[Kmsg[m[K
      |           [01;36m[K^~~[m[K
In file included from [01m[K/opt/ros/humble/include/geometry_msgs/geometry_msgs/msg/detail/point_stamped__struct.hpp:22[m[K,
                 from [01m[K/opt/ros/humble/include/geometry_msgs/geometry_msgs/msg/point_stamped.hpp:7[m[K,
                 from [01m[K/capella/lib/python3.10/site-packages/crowd_statistics_ws/src/crowd_statistics/include/crowd_statistics/crowd_statistics.hpp:14[m[K,
                 from [01m[K/capella/lib/python3.10/site-packages/crowd_statistics_ws/src/crowd_statistics/src/crowd_statistics.cpp:1[m[K:
[01m[K/opt/ros/humble/include/geometry_msgs/geometry_msgs/msg/detail/point__struct.hpp:27:11:[m[K [01;36m[Knote: [m[K  ‘[01m[Kgeometry_msgs::msg[m[K’
   27 | namespace [01;36m[Kmsg[m[K
      |           [01;36m[K^~~[m[K
In file included from [01m[K/opt/ros/humble/include/visualization_msgs/visualization_msgs/msg/detail/marker__struct.hpp:35[m[K,
                 from [01m[K/opt/ros/humble/include/visualization_msgs/visualization_msgs/msg/detail/marker_array__struct.hpp:20[m[K,
                 from [01m[K/opt/ros/humble/include/visualization_msgs/visualization_msgs/msg/marker_array.hpp:7[m[K,
                 from [01m[K/capella/lib/python3.10/site-packages/crowd_statistics_ws/src/crowd_statistics/include/crowd_statistics/crowd_statistics.hpp:16[m[K,
                 from [01m[K/capella/lib/python3.10/site-packages/crowd_statistics_ws/src/crowd_statistics/src/crowd_statistics.cpp:1[m[K:
[01m[K/opt/ros/humble/include/visualization_msgs/visualization_msgs/msg/detail/uv_coordinate__struct.hpp:27:11:[m[K [01;36m[Knote: [m[K  ‘[01m[Kvisualization_msgs::msg[m[K’
   27 | namespace [01;36m[Kmsg[m[K
      |           [01;36m[K^~~[m[K
In file included from [01m[K/opt/ros/humble/include/tf2_msgs/tf2_msgs/msg/tf_message.hpp:7[m[K,
                 from [01m[K/opt/ros/humble/include/tf2_ros/tf2_ros/transform_listener.hpp:44[m[K,
                 from [01m[K/opt/ros/humble/include/tf2_ros/tf2_ros/transform_listener.h:35[m[K,
                 from [01m[K/capella/lib/python3.10/site-packages/crowd_statistics_ws/src/crowd_statistics/include/crowd_statistics/crowd_statistics.hpp:19[m[K,
                 from [01m[K/capella/lib/python3.10/site-packages/crowd_statistics_ws/src/crowd_statistics/src/crowd_statistics.cpp:1[m[K:
[01m[K/opt/ros/humble/include/tf2_msgs/tf2_msgs/msg/detail/tf_message__struct.hpp:31:11:[m[K [01;36m[Knote: [m[K  ‘[01m[Ktf2_msgs::msg[m[K’
   31 | namespace [01;36m[Kmsg[m[K
      |           [01;36m[K^~~[m[K
[01m[K/capella/lib/python3.10/site-packages/crowd_statistics_ws/src/crowd_statistics/src/crowd_statistics.cpp:461:3:[m[K [01;31m[Kerror: [m[K‘[01m[Kstats_pub_[m[K’ was not declared in this scope; did you mean ‘[01m[Kstats_mutex_[m[K’?
  461 |   [01;31m[Kstats_pub_[m[K->publish(msg);
      |   [01;31m[K^~~~~~~~~~[m[K
      |   [32m[Kstats_mutex_[m[K
gmake[2]: *** [CMakeFiles/crowd_statistics_node.dir/build.make:79: CMakeFiles/crowd_statistics_node.dir/src/crowd_statistics.cpp.o] Error 1
gmake[1]: *** [CMakeFiles/Makefile2:153: CMakeFiles/crowd_statistics_node.dir/all] Error 2
gmake: *** [Makefile:146: all] Error 2
