[0.205s] DEBUG:colcon:Command line arguments: ['/usr/bin/colcon', 'build', '--packages-select', 'crowd_statistics']
[0.205s] DEBUG:colcon:Parsed command line arguments: Namespace(log_base=None, log_level=None, verb_name='build', build_base='build', install_base='install', merge_install=False, symlink_install=False, test_result_base=None, continue_on_error=False, executor='parallel', parallel_workers=24, event_handlers=None, ignore_user_meta=False, metas=['./colcon.meta'], base_paths=['.'], packages_ignore=None, packages_ignore_regex=None, paths=None, packages_up_to=None, packages_up_to_regex=None, packages_above=None, packages_above_and_dependencies=None, packages_above_depth=None, packages_select_by_dep=None, packages_skip_by_dep=None, packages_skip_up_to=None, packages_select_build_failed=False, packages_skip_build_finished=False, packages_select_test_failures=False, packages_skip_test_passed=False, packages_select=['crowd_statistics'], packages_skip=None, packages_select_regex=None, packages_skip_regex=None, packages_start=None, packages_end=None, cmake_args=None, cmake_target=None, cmake_target_skip_unavailable=False, cmake_clean_cache=False, cmake_clean_first=False, cmake_force_configure=False, ament_cmake_args=None, catkin_cmake_args=None, catkin_skip_building_tests=False, mixin_files=None, mixin=None, verb_parser=<colcon_mixin.mixin.mixin_argument.MixinArgumentDecorator object at 0x7b3de588aad0>, verb_extension=<colcon_core.verb.build.BuildVerb object at 0x7b3de5850880>, main=<bound method BuildVerb.main of <colcon_core.verb.build.BuildVerb object at 0x7b3de5850880>>, mixin_verb=('build',))
[0.287s] Level 1:colcon.colcon_core.package_discovery:discover_packages(colcon_meta) check parameters
[0.287s] Level 1:colcon.colcon_core.package_discovery:discover_packages(recursive) check parameters
[0.287s] Level 1:colcon.colcon_core.package_discovery:discover_packages(ignore) check parameters
[0.287s] Level 1:colcon.colcon_core.package_discovery:discover_packages(path) check parameters
[0.287s] Level 1:colcon.colcon_core.package_discovery:discover_packages(colcon_meta) discover
[0.287s] Level 1:colcon.colcon_core.package_discovery:discover_packages(recursive) discover
[0.287s] INFO:colcon.colcon_core.package_discovery:Crawling recursively for packages in '/capella/lib/python3.10/site-packages/crowd_statistics_ws'
[0.288s] Level 1:colcon.colcon_core.package_identification:_identify(.) by extensions ['ignore', 'ignore_ament_install']
[0.288s] Level 1:colcon.colcon_core.package_identification:_identify(.) by extension 'ignore'
[0.288s] Level 1:colcon.colcon_core.package_identification:_identify(.) by extension 'ignore_ament_install'
[0.288s] Level 1:colcon.colcon_core.package_identification:_identify(.) by extensions ['colcon_pkg']
[0.288s] Level 1:colcon.colcon_core.package_identification:_identify(.) by extension 'colcon_pkg'
[0.288s] Level 1:colcon.colcon_core.package_identification:_identify(.) by extensions ['colcon_meta']
[0.288s] Level 1:colcon.colcon_core.package_identification:_identify(.) by extension 'colcon_meta'
[0.288s] Level 1:colcon.colcon_core.package_identification:_identify(.) by extensions ['ros']
[0.288s] Level 1:colcon.colcon_core.package_identification:_identify(.) by extension 'ros'
[0.342s] Level 1:colcon.colcon_core.package_identification:_identify(.) by extensions ['cmake', 'python']
[0.342s] Level 1:colcon.colcon_core.package_identification:_identify(.) by extension 'cmake'
[0.342s] Level 1:colcon.colcon_core.package_identification:_identify(.) by extension 'python'
[0.342s] Level 1:colcon.colcon_core.package_identification:_identify(.) by extensions ['python_setup_py']
[0.342s] Level 1:colcon.colcon_core.package_identification:_identify(.) by extension 'python_setup_py'
[0.343s] Level 1:colcon.colcon_core.package_identification:_identify(build) by extensions ['ignore', 'ignore_ament_install']
[0.343s] Level 1:colcon.colcon_core.package_identification:_identify(build) by extension 'ignore'
[0.343s] Level 1:colcon.colcon_core.package_identification:_identify(build) ignored
[0.343s] Level 1:colcon.colcon_core.package_identification:_identify(install) by extensions ['ignore', 'ignore_ament_install']
[0.343s] Level 1:colcon.colcon_core.package_identification:_identify(install) by extension 'ignore'
[0.343s] Level 1:colcon.colcon_core.package_identification:_identify(install) ignored
[0.343s] Level 1:colcon.colcon_core.package_identification:_identify(log) by extensions ['ignore', 'ignore_ament_install']
[0.343s] Level 1:colcon.colcon_core.package_identification:_identify(log) by extension 'ignore'
[0.343s] Level 1:colcon.colcon_core.package_identification:_identify(log) ignored
[0.343s] Level 1:colcon.colcon_core.package_identification:_identify(src) by extensions ['ignore', 'ignore_ament_install']
[0.344s] Level 1:colcon.colcon_core.package_identification:_identify(src) by extension 'ignore'
[0.344s] Level 1:colcon.colcon_core.package_identification:_identify(src) by extension 'ignore_ament_install'
[0.344s] Level 1:colcon.colcon_core.package_identification:_identify(src) by extensions ['colcon_pkg']
[0.344s] Level 1:colcon.colcon_core.package_identification:_identify(src) by extension 'colcon_pkg'
[0.344s] Level 1:colcon.colcon_core.package_identification:_identify(src) by extensions ['colcon_meta']
[0.344s] Level 1:colcon.colcon_core.package_identification:_identify(src) by extension 'colcon_meta'
[0.344s] Level 1:colcon.colcon_core.package_identification:_identify(src) by extensions ['ros']
[0.344s] Level 1:colcon.colcon_core.package_identification:_identify(src) by extension 'ros'
[0.344s] Level 1:colcon.colcon_core.package_identification:_identify(src) by extensions ['cmake', 'python']
[0.344s] Level 1:colcon.colcon_core.package_identification:_identify(src) by extension 'cmake'
[0.344s] Level 1:colcon.colcon_core.package_identification:_identify(src) by extension 'python'
[0.344s] Level 1:colcon.colcon_core.package_identification:_identify(src) by extensions ['python_setup_py']
[0.344s] Level 1:colcon.colcon_core.package_identification:_identify(src) by extension 'python_setup_py'
[0.344s] Level 1:colcon.colcon_core.package_identification:_identify(src/crowd_statistics) by extensions ['ignore', 'ignore_ament_install']
[0.345s] Level 1:colcon.colcon_core.package_identification:_identify(src/crowd_statistics) by extension 'ignore'
[0.345s] Level 1:colcon.colcon_core.package_identification:_identify(src/crowd_statistics) by extension 'ignore_ament_install'
[0.345s] Level 1:colcon.colcon_core.package_identification:_identify(src/crowd_statistics) by extensions ['colcon_pkg']
[0.345s] Level 1:colcon.colcon_core.package_identification:_identify(src/crowd_statistics) by extension 'colcon_pkg'
[0.345s] Level 1:colcon.colcon_core.package_identification:_identify(src/crowd_statistics) by extensions ['colcon_meta']
[0.345s] Level 1:colcon.colcon_core.package_identification:_identify(src/crowd_statistics) by extension 'colcon_meta'
[0.345s] Level 1:colcon.colcon_core.package_identification:_identify(src/crowd_statistics) by extensions ['ros']
[0.345s] Level 1:colcon.colcon_core.package_identification:_identify(src/crowd_statistics) by extension 'ros'
[0.352s] DEBUG:colcon.colcon_core.package_identification:Package 'src/crowd_statistics' with type 'ros.ament_cmake' and name 'crowd_statistics'
[0.352s] Level 1:colcon.colcon_core.package_discovery:discover_packages(recursive) using defaults
[0.353s] Level 1:colcon.colcon_core.package_discovery:discover_packages(ignore) discover
[0.353s] Level 1:colcon.colcon_core.package_discovery:discover_packages(ignore) using defaults
[0.353s] Level 1:colcon.colcon_core.package_discovery:discover_packages(path) discover
[0.353s] Level 1:colcon.colcon_core.package_discovery:discover_packages(path) using defaults
[0.398s] Level 5:colcon.colcon_core.verb:set package 'crowd_statistics' build argument 'cmake_args' from command line to 'None'
[0.398s] Level 5:colcon.colcon_core.verb:set package 'crowd_statistics' build argument 'cmake_target' from command line to 'None'
[0.399s] Level 5:colcon.colcon_core.verb:set package 'crowd_statistics' build argument 'cmake_target_skip_unavailable' from command line to 'False'
[0.399s] Level 5:colcon.colcon_core.verb:set package 'crowd_statistics' build argument 'cmake_clean_cache' from command line to 'False'
[0.399s] Level 5:colcon.colcon_core.verb:set package 'crowd_statistics' build argument 'cmake_clean_first' from command line to 'False'
[0.399s] Level 5:colcon.colcon_core.verb:set package 'crowd_statistics' build argument 'cmake_force_configure' from command line to 'False'
[0.399s] Level 5:colcon.colcon_core.verb:set package 'crowd_statistics' build argument 'ament_cmake_args' from command line to 'None'
[0.399s] Level 5:colcon.colcon_core.verb:set package 'crowd_statistics' build argument 'catkin_cmake_args' from command line to 'None'
[0.399s] Level 5:colcon.colcon_core.verb:set package 'crowd_statistics' build argument 'catkin_skip_building_tests' from command line to 'False'
[0.400s] DEBUG:colcon.colcon_core.verb:Building package 'crowd_statistics' with the following arguments: {'ament_cmake_args': None, 'build_base': '/capella/lib/python3.10/site-packages/crowd_statistics_ws/build/crowd_statistics', 'catkin_cmake_args': None, 'catkin_skip_building_tests': False, 'cmake_args': None, 'cmake_clean_cache': False, 'cmake_clean_first': False, 'cmake_force_configure': False, 'cmake_target': None, 'cmake_target_skip_unavailable': False, 'install_base': '/capella/lib/python3.10/site-packages/crowd_statistics_ws/install/crowd_statistics', 'merge_install': False, 'path': '/capella/lib/python3.10/site-packages/crowd_statistics_ws/src/crowd_statistics', 'symlink_install': False, 'test_result_base': None}
[0.400s] INFO:colcon.colcon_core.executor:Executing jobs using 'parallel' executor
[0.402s] DEBUG:colcon.colcon_parallel_executor.executor.parallel:run_until_complete
[0.403s] INFO:colcon.colcon_ros.task.ament_cmake.build:Building ROS package in '/capella/lib/python3.10/site-packages/crowd_statistics_ws/src/crowd_statistics' with build type 'ament_cmake'
[0.403s] INFO:colcon.colcon_cmake.task.cmake.build:Building CMake package in '/capella/lib/python3.10/site-packages/crowd_statistics_ws/src/crowd_statistics'
[0.406s] INFO:colcon.colcon_core.plugin_system:Skipping extension 'colcon_core.shell.bat': Not used on non-Windows systems
[0.406s] INFO:colcon.colcon_core.shell:Skip shell extension 'powershell' for command environment: Not usable outside of PowerShell
[0.406s] DEBUG:colcon.colcon_core.shell:Skip shell extension 'dsv' for command environment
[0.420s] DEBUG:colcon.colcon_core.event_handler.log_command:Invoking command in '/capella/lib/python3.10/site-packages/crowd_statistics_ws/build/crowd_statistics': CMAKE_PREFIX_PATH=/capella/lib/python3.10/site-packages/capella_mmdet3d_node/install/capella_mmdet3d_node:/opt/ros/humble /usr/local/bin/cmake --build /capella/lib/python3.10/site-packages/crowd_statistics_ws/build/crowd_statistics -- -j24 -l24
[22.508s] DEBUG:colcon.colcon_core.event_handler.log_command:Invoked command in '/capella/lib/python3.10/site-packages/crowd_statistics_ws/build/crowd_statistics' returned '0': CMAKE_PREFIX_PATH=/capella/lib/python3.10/site-packages/capella_mmdet3d_node/install/capella_mmdet3d_node:/opt/ros/humble /usr/local/bin/cmake --build /capella/lib/python3.10/site-packages/crowd_statistics_ws/build/crowd_statistics -- -j24 -l24
[22.660s] DEBUG:colcon.colcon_core.event_handler.log_command:Invoking command in '/capella/lib/python3.10/site-packages/crowd_statistics_ws/build/crowd_statistics': CMAKE_PREFIX_PATH=/capella/lib/python3.10/site-packages/capella_mmdet3d_node/install/capella_mmdet3d_node:/opt/ros/humble /usr/local/bin/cmake --install /capella/lib/python3.10/site-packages/crowd_statistics_ws/build/crowd_statistics
[22.811s] Level 1:colcon.colcon_core.environment:create_environment_scripts_only(crowd_statistics)
[22.813s] DEBUG:colcon.colcon_core.event_handler.log_command:Invoked command in '/capella/lib/python3.10/site-packages/crowd_statistics_ws/build/crowd_statistics' returned '0': CMAKE_PREFIX_PATH=/capella/lib/python3.10/site-packages/capella_mmdet3d_node/install/capella_mmdet3d_node:/opt/ros/humble /usr/local/bin/cmake --install /capella/lib/python3.10/site-packages/crowd_statistics_ws/build/crowd_statistics
[22.817s] Level 1:colcon.colcon_core.environment:checking '/capella/lib/python3.10/site-packages/crowd_statistics_ws/install/crowd_statistics' for CMake module files
[22.818s] Level 1:colcon.colcon_core.environment:checking '/capella/lib/python3.10/site-packages/crowd_statistics_ws/install/crowd_statistics' for CMake config files
[22.818s] Level 1:colcon.colcon_core.shell:create_environment_hook('crowd_statistics', 'cmake_prefix_path')
[22.819s] INFO:colcon.colcon_core.shell:Creating environment hook '/capella/lib/python3.10/site-packages/crowd_statistics_ws/install/crowd_statistics/share/crowd_statistics/hook/cmake_prefix_path.ps1'
[22.820s] INFO:colcon.colcon_core.shell:Creating environment descriptor '/capella/lib/python3.10/site-packages/crowd_statistics_ws/install/crowd_statistics/share/crowd_statistics/hook/cmake_prefix_path.dsv'
[22.822s] INFO:colcon.colcon_core.shell:Creating environment hook '/capella/lib/python3.10/site-packages/crowd_statistics_ws/install/crowd_statistics/share/crowd_statistics/hook/cmake_prefix_path.sh'
[22.824s] Level 1:colcon.colcon_core.environment:checking '/capella/lib/python3.10/site-packages/crowd_statistics_ws/install/crowd_statistics/lib'
[22.824s] Level 1:colcon.colcon_core.environment:checking '/capella/lib/python3.10/site-packages/crowd_statistics_ws/install/crowd_statistics/bin'
[22.824s] Level 1:colcon.colcon_core.environment:checking '/capella/lib/python3.10/site-packages/crowd_statistics_ws/install/crowd_statistics/lib/pkgconfig/crowd_statistics.pc'
[22.825s] Level 1:colcon.colcon_core.environment:checking '/capella/lib/python3.10/site-packages/crowd_statistics_ws/install/crowd_statistics/lib/python3.10/site-packages'
[22.826s] Level 1:colcon.colcon_core.environment:checking '/capella/lib/python3.10/site-packages/crowd_statistics_ws/install/crowd_statistics/bin'
[22.832s] INFO:colcon.colcon_core.shell:Creating package script '/capella/lib/python3.10/site-packages/crowd_statistics_ws/install/crowd_statistics/share/crowd_statistics/package.ps1'
[22.833s] INFO:colcon.colcon_core.shell:Creating package descriptor '/capella/lib/python3.10/site-packages/crowd_statistics_ws/install/crowd_statistics/share/crowd_statistics/package.dsv'
[22.837s] INFO:colcon.colcon_core.shell:Creating package script '/capella/lib/python3.10/site-packages/crowd_statistics_ws/install/crowd_statistics/share/crowd_statistics/package.sh'
[22.838s] INFO:colcon.colcon_core.shell:Creating package script '/capella/lib/python3.10/site-packages/crowd_statistics_ws/install/crowd_statistics/share/crowd_statistics/package.bash'
[22.839s] INFO:colcon.colcon_core.shell:Creating package script '/capella/lib/python3.10/site-packages/crowd_statistics_ws/install/crowd_statistics/share/crowd_statistics/package.zsh'
[22.840s] Level 1:colcon.colcon_core.environment:create_file_with_runtime_dependencies(/capella/lib/python3.10/site-packages/crowd_statistics_ws/install/crowd_statistics/share/colcon-core/packages/crowd_statistics)
[22.846s] Level 1:colcon.colcon_core.environment:create_environment_scripts_only(crowd_statistics)
[22.847s] Level 1:colcon.colcon_core.environment:checking '/capella/lib/python3.10/site-packages/crowd_statistics_ws/install/crowd_statistics' for CMake module files
[22.848s] Level 1:colcon.colcon_core.environment:checking '/capella/lib/python3.10/site-packages/crowd_statistics_ws/install/crowd_statistics' for CMake config files
[22.848s] Level 1:colcon.colcon_core.shell:create_environment_hook('crowd_statistics', 'cmake_prefix_path')
[22.849s] INFO:colcon.colcon_core.shell:Creating environment hook '/capella/lib/python3.10/site-packages/crowd_statistics_ws/install/crowd_statistics/share/crowd_statistics/hook/cmake_prefix_path.ps1'
[22.850s] INFO:colcon.colcon_core.shell:Creating environment descriptor '/capella/lib/python3.10/site-packages/crowd_statistics_ws/install/crowd_statistics/share/crowd_statistics/hook/cmake_prefix_path.dsv'
[22.850s] INFO:colcon.colcon_core.shell:Creating environment hook '/capella/lib/python3.10/site-packages/crowd_statistics_ws/install/crowd_statistics/share/crowd_statistics/hook/cmake_prefix_path.sh'
[22.851s] Level 1:colcon.colcon_core.environment:checking '/capella/lib/python3.10/site-packages/crowd_statistics_ws/install/crowd_statistics/lib'
[22.851s] Level 1:colcon.colcon_core.environment:checking '/capella/lib/python3.10/site-packages/crowd_statistics_ws/install/crowd_statistics/bin'
[22.851s] Level 1:colcon.colcon_core.environment:checking '/capella/lib/python3.10/site-packages/crowd_statistics_ws/install/crowd_statistics/lib/pkgconfig/crowd_statistics.pc'
[22.851s] Level 1:colcon.colcon_core.environment:checking '/capella/lib/python3.10/site-packages/crowd_statistics_ws/install/crowd_statistics/lib/python3.10/site-packages'
[22.852s] Level 1:colcon.colcon_core.environment:checking '/capella/lib/python3.10/site-packages/crowd_statistics_ws/install/crowd_statistics/bin'
[22.852s] INFO:colcon.colcon_core.shell:Creating package script '/capella/lib/python3.10/site-packages/crowd_statistics_ws/install/crowd_statistics/share/crowd_statistics/package.ps1'
[22.853s] INFO:colcon.colcon_core.shell:Creating package descriptor '/capella/lib/python3.10/site-packages/crowd_statistics_ws/install/crowd_statistics/share/crowd_statistics/package.dsv'
[22.854s] INFO:colcon.colcon_core.shell:Creating package script '/capella/lib/python3.10/site-packages/crowd_statistics_ws/install/crowd_statistics/share/crowd_statistics/package.sh'
[22.855s] INFO:colcon.colcon_core.shell:Creating package script '/capella/lib/python3.10/site-packages/crowd_statistics_ws/install/crowd_statistics/share/crowd_statistics/package.bash'
[22.855s] INFO:colcon.colcon_core.shell:Creating package script '/capella/lib/python3.10/site-packages/crowd_statistics_ws/install/crowd_statistics/share/crowd_statistics/package.zsh'
[22.856s] Level 1:colcon.colcon_core.environment:create_file_with_runtime_dependencies(/capella/lib/python3.10/site-packages/crowd_statistics_ws/install/crowd_statistics/share/colcon-core/packages/crowd_statistics)
[22.857s] DEBUG:colcon.colcon_parallel_executor.executor.parallel:closing loop
[22.858s] DEBUG:colcon.colcon_parallel_executor.executor.parallel:loop closed
[22.858s] DEBUG:colcon.colcon_parallel_executor.executor.parallel:run_until_complete finished with '0'
[22.858s] DEBUG:colcon.colcon_core.event_reactor:joining thread
[22.876s] INFO:colcon.colcon_core.plugin_system:Skipping extension 'colcon_notification.desktop_notification.notify_send': Could not find 'notify-send'
[22.877s] INFO:colcon.colcon_core.plugin_system:Skipping extension 'colcon_notification.desktop_notification.terminal_notifier': Not used on non-Darwin systems
[22.877s] INFO:colcon.colcon_core.plugin_system:Skipping extension 'colcon_notification.desktop_notification.win32': Not used on non-Windows systems
[22.877s] INFO:colcon.colcon_notification.desktop_notification:Sending desktop notification using 'notify2'
[22.881s] DEBUG:colcon.colcon_notification.desktop_notification.notify2:Failed to initialize notify2: org.freedesktop.DBus.Error.Spawn.ExecFailed: /usr/bin/dbus-launch terminated abnormally without any error message
[22.882s] DEBUG:colcon.colcon_core.event_reactor:joined thread
[22.884s] INFO:colcon.colcon_core.shell:Creating prefix script '/capella/lib/python3.10/site-packages/crowd_statistics_ws/install/local_setup.ps1'
[22.888s] INFO:colcon.colcon_core.shell:Creating prefix util module '/capella/lib/python3.10/site-packages/crowd_statistics_ws/install/_local_setup_util_ps1.py'
[22.891s] INFO:colcon.colcon_core.shell:Creating prefix chain script '/capella/lib/python3.10/site-packages/crowd_statistics_ws/install/setup.ps1'
[22.894s] INFO:colcon.colcon_core.shell:Creating prefix script '/capella/lib/python3.10/site-packages/crowd_statistics_ws/install/local_setup.sh'
[22.895s] INFO:colcon.colcon_core.shell:Creating prefix util module '/capella/lib/python3.10/site-packages/crowd_statistics_ws/install/_local_setup_util_sh.py'
[22.896s] INFO:colcon.colcon_core.shell:Creating prefix chain script '/capella/lib/python3.10/site-packages/crowd_statistics_ws/install/setup.sh'
[22.897s] INFO:colcon.colcon_core.shell:Creating prefix script '/capella/lib/python3.10/site-packages/crowd_statistics_ws/install/local_setup.bash'
[22.898s] INFO:colcon.colcon_core.shell:Creating prefix chain script '/capella/lib/python3.10/site-packages/crowd_statistics_ws/install/setup.bash'
[22.899s] INFO:colcon.colcon_core.shell:Creating prefix script '/capella/lib/python3.10/site-packages/crowd_statistics_ws/install/local_setup.zsh'
[22.900s] INFO:colcon.colcon_core.shell:Creating prefix chain script '/capella/lib/python3.10/site-packages/crowd_statistics_ws/install/setup.zsh'
